[0.056s] Invoking command in '/home/sdc6/f1tenth_ws/build/vesc_driver': CMAKE_PREFIX_PATH=/home/sdc6/f1tenth_ws/install/vesc_msgs:/home/sdc6/f1tenth_ws/install/vesc:/home/sdc6/f1tenth_ws/install/vesc_driver:/home/sdc6/f1tenth_ws/install/vesc_ackermann:/home/sdc6/f1tenth_ws/install/teleop_tools:/home/sdc6/f1tenth_ws/install/teleop_tools_msgs:/home/sdc6/f1tenth_ws/install/f1tenth_mppi:/home/sdc6/f1tenth_ws/install/ackermann_mux:/home/sdc6/f1tenth_ws/install/f1tenth_stack:/home/sdc6/f1tenth_ws/install/joy_teleop:/home/sdc6/f1tenth_ws/install/mouse_teleop:/home/sdc6/f1tenth_ws/install/kinematic_mpc:/home/sdc6/f1tenth_ws/install/key_teleop:/opt/ros/humble LD_LIBRARY_PATH=/home/sdc6/f1tenth_ws/install/vesc_msgs/lib:/home/sdc6/f1tenth_ws/install/vesc_driver/lib:/home/sdc6/f1tenth_ws/install/vesc_ackermann/lib:/home/sdc6/f1tenth_ws/install/teleop_tools_msgs/lib:/usr/local/cuda/lib64:/opt/ros/humble/opt/rviz_ogre_vendor/lib:/opt/ros/humble/lib/aarch64-linux-gnu:/opt/ros/humble/lib:/usr/local/cuda-12.6/lib64 PS1=(test_env) \[\e]0;\u@\h: \w\a\]${debian_chroot:+($debian_chroot)}\[\033[01;32m\]\u@\h\[\033[00m\]:\[\033[01;34m\]\w\[\033[00m\]\$ VIRTUAL_ENV_PROMPT=(test_env) /usr/bin/cmake --build /home/sdc6/f1tenth_ws/build/vesc_driver -- -j6 -l6
[0.173s] -- Found ament_cmake_auto: 1.3.14 (/opt/ros/humble/share/ament_cmake_auto/cmake)
[0.797s] -- Found rosidl_generator_c: 3.1.9 (/opt/ros/humble/share/rosidl_generator_c/cmake)
[0.802s] -- Found rosidl_adapter: 3.1.9 (/opt/ros/humble/share/rosidl_adapter/cmake)
[0.815s] -- Found rosidl_generator_cpp: 3.1.9 (/opt/ros/humble/share/rosidl_generator_cpp/cmake)
[0.835s] -- Using all available rosidl_typesupport_c: rosidl_typesupport_fastrtps_c;rosidl_typesupport_introspection_c
[0.861s] -- Using all available rosidl_typesupport_cpp: rosidl_typesupport_fastrtps_cpp;rosidl_typesupport_introspection_cpp
[0.929s] -- Found rmw_implementation_cmake: 6.1.2 (/opt/ros/humble/share/rmw_implementation_cmake/cmake)
[0.934s] -- Found rmw_fastrtps_cpp: 6.2.10 (/opt/ros/humble/share/rmw_fastrtps_cpp/cmake)
[1.174s] -- Using RMW implementation 'rmw_fastrtps_cpp' as default
[1.499s] -- Found asio_cmake_module: 1.2.0 (/opt/ros/humble/share/asio_cmake_module/cmake)
[1.717s] -- Found ament_lint_auto: 0.12.15 (/opt/ros/humble/share/ament_lint_auto/cmake)
[1.734s] [0mIn this package, headers install destination is set to `include` by ament_auto_package. It is recommended to install `include/vesc_driver` instead and will be the default behavior of ament_auto_package from ROS 2 Kilted Kaiju. On distributions before Kilted, ament_auto_package behaves the same way when you use USE_SCOPED_HEADER_INSTALL_DIR option.[0m
[1.750s] -- Added test 'copyright' to check source files copyright and LICENSE
[1.755s] -- Added test 'cppcheck' to perform static code analysis on C / C++ code
[1.756s] -- Configured cppcheck include dirs: /home/sdc6/f1tenth_ws/src/f1tenth_system/vesc/vesc_driver/include
[1.756s] -- Configured cppcheck exclude dirs and/or files: 
[1.759s] -- Added test 'cpplint' to check C / C++ code against the Google style
[1.759s] -- Configured cpplint exclude dirs and/or files: 
[1.763s] -- Added test 'flake8' to check Python code syntax and style conventions
[1.764s] -- Added test 'lint_cmake' to check CMake code style
[1.765s] -- Added test 'pep257' to check Python code against some of the docstring style conventions in PEP 257
[1.767s] -- Added test 'uncrustify' to check C / C++ code style
[1.768s] -- Configured uncrustify additional arguments: 
[1.768s] -- Added test 'xmllint' to check XML markup files
[1.783s] -- Configuring done
[1.924s] -- Generating done
[1.956s] -- Build files have been written to: /home/sdc6/f1tenth_ws/build/vesc_driver
[2.089s] [35m[1mConsolidate compiler generated dependencies of target vesc_driver[0m
[2.273s] [ 10%] [32mBuilding CXX object CMakeFiles/vesc_driver.dir/src/vesc_driver.cpp.o[0m
[25.093s] [ 20%] [32mBuilding CXX object CMakeFiles/vesc_driver.dir/src/vesc_packet_factory.cpp.o[0m
[26.335s] [ 30%] [32mBuilding CXX object CMakeFiles/vesc_driver.dir/src/vesc_packet.cpp.o[0m
[27.955s] [ 40%] [32mBuilding CXX object CMakeFiles/vesc_driver.dir/src/vesc_interface.cpp.o[0m
[31.659s] [ 50%] [32m[1mLinking CXX shared library libvesc_driver.so[0m
[33.164s] [ 50%] Built target vesc_driver
[33.195s] [35m[1mConsolidate compiler generated dependencies of target vesc_driver_node[0m
[33.233s] [ 60%] [32mBuilding CXX object CMakeFiles/vesc_driver_node.dir/rclcpp_components/node_main_vesc_driver_node.cpp.o[0m
[40.209s] [ 70%] [32m[1mLinking CXX executable vesc_driver_node[0m
[40.503s] [ 70%] Built target vesc_driver_node
[40.531s] [35m[1mConsolidate compiler generated dependencies of target vesc_device_namer[0m
[40.577s] [ 80%] [32mBuilding CXX object CMakeFiles/vesc_device_namer.dir/src/vesc_device_namer.cpp.o[0m
[41.662s] [ 90%] [32mBuilding CXX object CMakeFiles/vesc_device_namer.dir/src/vesc_device_uuid_lookup.cpp.o[0m
[43.268s] [100%] [32m[1mLinking CXX executable vesc_device_namer[0m
[43.953s] [100%] Built target vesc_device_namer
[43.978s] Invoked command in '/home/sdc6/f1tenth_ws/build/vesc_driver' returned '0': CMAKE_PREFIX_PATH=/home/sdc6/f1tenth_ws/install/vesc_msgs:/home/sdc6/f1tenth_ws/install/vesc:/home/sdc6/f1tenth_ws/install/vesc_driver:/home/sdc6/f1tenth_ws/install/vesc_ackermann:/home/sdc6/f1tenth_ws/install/teleop_tools:/home/sdc6/f1tenth_ws/install/teleop_tools_msgs:/home/sdc6/f1tenth_ws/install/f1tenth_mppi:/home/sdc6/f1tenth_ws/install/ackermann_mux:/home/sdc6/f1tenth_ws/install/f1tenth_stack:/home/sdc6/f1tenth_ws/install/joy_teleop:/home/sdc6/f1tenth_ws/install/mouse_teleop:/home/sdc6/f1tenth_ws/install/kinematic_mpc:/home/sdc6/f1tenth_ws/install/key_teleop:/opt/ros/humble LD_LIBRARY_PATH=/home/sdc6/f1tenth_ws/install/vesc_msgs/lib:/home/sdc6/f1tenth_ws/install/vesc_driver/lib:/home/sdc6/f1tenth_ws/install/vesc_ackermann/lib:/home/sdc6/f1tenth_ws/install/teleop_tools_msgs/lib:/usr/local/cuda/lib64:/opt/ros/humble/opt/rviz_ogre_vendor/lib:/opt/ros/humble/lib/aarch64-linux-gnu:/opt/ros/humble/lib:/usr/local/cuda-12.6/lib64 PS1=(test_env) \[\e]0;\u@\h: \w\a\]${debian_chroot:+($debian_chroot)}\[\033[01;32m\]\u@\h\[\033[00m\]:\[\033[01;34m\]\w\[\033[00m\]\$ VIRTUAL_ENV_PROMPT=(test_env) /usr/bin/cmake --build /home/sdc6/f1tenth_ws/build/vesc_driver -- -j6 -l6
[43.982s] Invoking command in '/home/sdc6/f1tenth_ws/build/vesc_driver': CMAKE_PREFIX_PATH=/home/sdc6/f1tenth_ws/install/vesc_msgs:/home/sdc6/f1tenth_ws/install/vesc:/home/sdc6/f1tenth_ws/install/vesc_driver:/home/sdc6/f1tenth_ws/install/vesc_ackermann:/home/sdc6/f1tenth_ws/install/teleop_tools:/home/sdc6/f1tenth_ws/install/teleop_tools_msgs:/home/sdc6/f1tenth_ws/install/f1tenth_mppi:/home/sdc6/f1tenth_ws/install/ackermann_mux:/home/sdc6/f1tenth_ws/install/f1tenth_stack:/home/sdc6/f1tenth_ws/install/joy_teleop:/home/sdc6/f1tenth_ws/install/mouse_teleop:/home/sdc6/f1tenth_ws/install/kinematic_mpc:/home/sdc6/f1tenth_ws/install/key_teleop:/opt/ros/humble LD_LIBRARY_PATH=/home/sdc6/f1tenth_ws/install/vesc_msgs/lib:/home/sdc6/f1tenth_ws/install/vesc_driver/lib:/home/sdc6/f1tenth_ws/install/vesc_ackermann/lib:/home/sdc6/f1tenth_ws/install/teleop_tools_msgs/lib:/usr/local/cuda/lib64:/opt/ros/humble/opt/rviz_ogre_vendor/lib:/opt/ros/humble/lib/aarch64-linux-gnu:/opt/ros/humble/lib:/usr/local/cuda-12.6/lib64 PS1=(test_env) \[\e]0;\u@\h: \w\a\]${debian_chroot:+($debian_chroot)}\[\033[01;32m\]\u@\h\[\033[00m\]:\[\033[01;34m\]\w\[\033[00m\]\$ VIRTUAL_ENV_PROMPT=(test_env) /usr/bin/cmake --install /home/sdc6/f1tenth_ws/build/vesc_driver
[43.998s] -- Install configuration: ""
[43.999s] -- Installing: /home/sdc6/f1tenth_ws/install/vesc_driver/lib/vesc_driver/vesc_driver_node
[44.000s] -- Set runtime path of "/home/sdc6/f1tenth_ws/install/vesc_driver/lib/vesc_driver/vesc_driver_node" to ""
[44.000s] -- Up-to-date: /home/sdc6/f1tenth_ws/install/vesc_driver/include
[44.001s] -- Up-to-date: /home/sdc6/f1tenth_ws/install/vesc_driver/include/vesc_driver
[44.001s] -- Up-to-date: /home/sdc6/f1tenth_ws/install/vesc_driver/include/vesc_driver/crc.hpp
[44.001s] -- Up-to-date: /home/sdc6/f1tenth_ws/install/vesc_driver/include/vesc_driver/datatypes.hpp
[44.001s] -- Up-to-date: /home/sdc6/f1tenth_ws/install/vesc_driver/include/vesc_driver/vesc_packet.hpp
[44.001s] -- Up-to-date: /home/sdc6/f1tenth_ws/install/vesc_driver/include/vesc_driver/vesc_packet_factory.hpp
[44.001s] -- Up-to-date: /home/sdc6/f1tenth_ws/install/vesc_driver/include/vesc_driver/vesc_device_uuid_lookup.hpp
[44.001s] -- Up-to-date: /home/sdc6/f1tenth_ws/install/vesc_driver/include/vesc_driver/vesc_driver.hpp
[44.002s] -- Up-to-date: /home/sdc6/f1tenth_ws/install/vesc_driver/include/vesc_driver/vesc_interface.hpp
[44.002s] -- Up-to-date: /home/sdc6/f1tenth_ws/install/vesc_driver/share/vesc_driver/environment/library_path.sh
[44.002s] -- Installing: /home/sdc6/f1tenth_ws/install/vesc_driver/share/vesc_driver/environment/library_path.dsv
[44.002s] -- Installing: /home/sdc6/f1tenth_ws/install/vesc_driver/lib/libvesc_driver.so
[44.024s] -- Set runtime path of "/home/sdc6/f1tenth_ws/install/vesc_driver/lib/libvesc_driver.so" to ""
[44.024s] -- Installing: /home/sdc6/f1tenth_ws/install/vesc_driver/lib/vesc_driver/vesc_device_namer
[44.025s] -- Set runtime path of "/home/sdc6/f1tenth_ws/install/vesc_driver/lib/vesc_driver/vesc_device_namer" to ""
[44.026s] -- Up-to-date: /home/sdc6/f1tenth_ws/install/vesc_driver/share/vesc_driver/launch
[44.026s] -- Up-to-date: /home/sdc6/f1tenth_ws/install/vesc_driver/share/vesc_driver/launch/vesc_driver_node.launch.py
[44.026s] -- Up-to-date: /home/sdc6/f1tenth_ws/install/vesc_driver/share/vesc_driver/params
[44.026s] -- Up-to-date: /home/sdc6/f1tenth_ws/install/vesc_driver/share/vesc_driver/params/vesc_config.yaml
[44.026s] -- Up-to-date: /home/sdc6/f1tenth_ws/install/vesc_driver/share/ament_index/resource_index/package_run_dependencies/vesc_driver
[44.026s] -- Installing: /home/sdc6/f1tenth_ws/install/vesc_driver/share/ament_index/resource_index/parent_prefix_path/vesc_driver
[44.027s] -- Up-to-date: /home/sdc6/f1tenth_ws/install/vesc_driver/share/vesc_driver/environment/ament_prefix_path.sh
[44.027s] -- Installing: /home/sdc6/f1tenth_ws/install/vesc_driver/share/vesc_driver/environment/ament_prefix_path.dsv
[44.028s] -- Up-to-date: /home/sdc6/f1tenth_ws/install/vesc_driver/share/vesc_driver/environment/path.sh
[44.028s] -- Installing: /home/sdc6/f1tenth_ws/install/vesc_driver/share/vesc_driver/environment/path.dsv
[44.028s] -- Up-to-date: /home/sdc6/f1tenth_ws/install/vesc_driver/share/vesc_driver/local_setup.bash
[44.029s] -- Up-to-date: /home/sdc6/f1tenth_ws/install/vesc_driver/share/vesc_driver/local_setup.sh
[44.029s] -- Up-to-date: /home/sdc6/f1tenth_ws/install/vesc_driver/share/vesc_driver/local_setup.zsh
[44.029s] -- Installing: /home/sdc6/f1tenth_ws/install/vesc_driver/share/vesc_driver/local_setup.dsv
[44.029s] -- Installing: /home/sdc6/f1tenth_ws/install/vesc_driver/share/vesc_driver/package.dsv
[44.031s] -- Up-to-date: /home/sdc6/f1tenth_ws/install/vesc_driver/share/ament_index/resource_index/packages/vesc_driver
[44.031s] -- Up-to-date: /home/sdc6/f1tenth_ws/install/vesc_driver/share/ament_index/resource_index/rclcpp_components/vesc_driver
[44.031s] -- Up-to-date: /home/sdc6/f1tenth_ws/install/vesc_driver/share/vesc_driver/cmake/ament_cmake_export_dependencies-extras.cmake
[44.032s] -- Up-to-date: /home/sdc6/f1tenth_ws/install/vesc_driver/share/vesc_driver/cmake/ament_cmake_export_include_directories-extras.cmake
[44.032s] -- Up-to-date: /home/sdc6/f1tenth_ws/install/vesc_driver/share/vesc_driver/cmake/ament_cmake_export_libraries-extras.cmake
[44.033s] -- Up-to-date: /home/sdc6/f1tenth_ws/install/vesc_driver/share/vesc_driver/cmake/vesc_driverConfig.cmake
[44.033s] -- Up-to-date: /home/sdc6/f1tenth_ws/install/vesc_driver/share/vesc_driver/cmake/vesc_driverConfig-version.cmake
[44.033s] -- Up-to-date: /home/sdc6/f1tenth_ws/install/vesc_driver/share/vesc_driver/package.xml
[44.038s] Invoked command in '/home/sdc6/f1tenth_ws/build/vesc_driver' returned '0': CMAKE_PREFIX_PATH=/home/sdc6/f1tenth_ws/install/vesc_msgs:/home/sdc6/f1tenth_ws/install/vesc:/home/sdc6/f1tenth_ws/install/vesc_driver:/home/sdc6/f1tenth_ws/install/vesc_ackermann:/home/sdc6/f1tenth_ws/install/teleop_tools:/home/sdc6/f1tenth_ws/install/teleop_tools_msgs:/home/sdc6/f1tenth_ws/install/f1tenth_mppi:/home/sdc6/f1tenth_ws/install/ackermann_mux:/home/sdc6/f1tenth_ws/install/f1tenth_stack:/home/sdc6/f1tenth_ws/install/joy_teleop:/home/sdc6/f1tenth_ws/install/mouse_teleop:/home/sdc6/f1tenth_ws/install/kinematic_mpc:/home/sdc6/f1tenth_ws/install/key_teleop:/opt/ros/humble LD_LIBRARY_PATH=/home/sdc6/f1tenth_ws/install/vesc_msgs/lib:/home/sdc6/f1tenth_ws/install/vesc_driver/lib:/home/sdc6/f1tenth_ws/install/vesc_ackermann/lib:/home/sdc6/f1tenth_ws/install/teleop_tools_msgs/lib:/usr/local/cuda/lib64:/opt/ros/humble/opt/rviz_ogre_vendor/lib:/opt/ros/humble/lib/aarch64-linux-gnu:/opt/ros/humble/lib:/usr/local/cuda-12.6/lib64 PS1=(test_env) \[\e]0;\u@\h: \w\a\]${debian_chroot:+($debian_chroot)}\[\033[01;32m\]\u@\h\[\033[00m\]:\[\033[01;34m\]\w\[\033[00m\]\$ VIRTUAL_ENV_PROMPT=(test_env) /usr/bin/cmake --install /home/sdc6/f1tenth_ws/build/vesc_driver
