[2.080s] Invoking command in '/home/sdc6/f1tenth_ws/src/f1tenth_mpc': PYTHONPATH=/home/sdc6/f1tenth_ws/build/kinematic_mpc/prefix_override:/usr/lib/python3/dist-packages/colcon_core/task/python/colcon_distutils_commands:/home/sdc6/f1tenth_ws/install/kinematic_mpc/lib/python3.10/site-packages:${PYTHONPATH} /usr/bin/python3 -W ignore:setup.py install is deprecated -W ignore:easy_install command is deprecated setup.py egg_info --egg-base ../../build/kinematic_mpc build --build-base /home/sdc6/f1tenth_ws/build/kinematic_mpc/build install --record /home/sdc6/f1tenth_ws/build/kinematic_mpc/install.log --install-scripts $base/lib/kinematic_mpc --single-version-externally-managed install_data
[2.556s] /usr/lib/python3/dist-packages/setuptools/dist.py:723: UserWarning: Usage of dash-separated 'script-dir' will not be supported in future versions. Please use the underscore name 'script_dir' instead
[2.556s]   warnings.warn(
[2.575s] running egg_info
[2.577s] writing ../../build/kinematic_mpc/kinematic_mpc.egg-info/PKG-INFO
[2.578s] writing dependency_links to ../../build/kinematic_mpc/kinematic_mpc.egg-info/dependency_links.txt
[2.578s] writing entry points to ../../build/kinematic_mpc/kinematic_mpc.egg-info/entry_points.txt
[2.579s] writing requirements to ../../build/kinematic_mpc/kinematic_mpc.egg-info/requires.txt
[2.579s] writing top-level names to ../../build/kinematic_mpc/kinematic_mpc.egg-info/top_level.txt
[2.583s] reading manifest file '../../build/kinematic_mpc/kinematic_mpc.egg-info/SOURCES.txt'
[2.585s] writing manifest file '../../build/kinematic_mpc/kinematic_mpc.egg-info/SOURCES.txt'
[2.586s] running build
[2.586s] running build_py
[2.587s] copying kinematic_mpc/trajectory_creator.py -> /home/sdc6/f1tenth_ws/build/kinematic_mpc/build/lib/kinematic_mpc
[2.588s] running install
[2.589s] running install_lib
[2.591s] copying /home/sdc6/f1tenth_ws/build/kinematic_mpc/build/lib/kinematic_mpc/trajectory_creator.py -> /home/sdc6/f1tenth_ws/install/kinematic_mpc/lib/python3.10/site-packages/kinematic_mpc
[2.593s] byte-compiling /home/sdc6/f1tenth_ws/install/kinematic_mpc/lib/python3.10/site-packages/kinematic_mpc/trajectory_creator.py to trajectory_creator.cpython-310.pyc
[2.596s] running install_data
[2.596s] running install_egg_info
[2.601s] removing '/home/sdc6/f1tenth_ws/install/kinematic_mpc/lib/python3.10/site-packages/kinematic_mpc-0.0.0-py3.10.egg-info' (and everything under it)
[2.601s] Copying ../../build/kinematic_mpc/kinematic_mpc.egg-info to /home/sdc6/f1tenth_ws/install/kinematic_mpc/lib/python3.10/site-packages/kinematic_mpc-0.0.0-py3.10.egg-info
[2.604s] running install_scripts
[2.647s] writing list of installed files to '/home/sdc6/f1tenth_ws/build/kinematic_mpc/install.log'
