[1.988s] Invoking command in '/home/sdc6/f1tenth_ws/src/f1tenth_mpc': PS1=(test_env) \[\e]0;\u@\h: \w\a\]${debian_chroot:+($debian_chroot)}\[\033[01;32m\]\u@\h\[\033[00m\]:\[\033[01;34m\]\w\[\033[00m\]\$ PYTHONPATH=/home/sdc6/f1tenth_ws/build/kinematic_mpc/prefix_override:/usr/lib/python3/dist-packages/colcon_core/task/python/colcon_distutils_commands:/home/sdc6/f1tenth_ws/install/kinematic_mpc/lib/python3.10/site-packages:${PYTHONPATH} VIRTUAL_ENV_PROMPT=(test_env) /usr/bin/python3 -W ignore:setup.py install is deprecated -W ignore:easy_install command is deprecated setup.py egg_info --egg-base ../../build/kinematic_mpc build --build-base /home/sdc6/f1tenth_ws/build/kinematic_mpc/build install --record /home/sdc6/f1tenth_ws/build/kinematic_mpc/install.log --install-scripts $base/lib/kinematic_mpc --single-version-externally-managed install_data
[2.462s] /usr/lib/python3/dist-packages/setuptools/dist.py:723: UserWarning: Usage of dash-separated 'script-dir' will not be supported in future versions. Please use the underscore name 'script_dir' instead
[2.463s]   warnings.warn(
[2.482s] running egg_info
[2.484s] writing ../../build/kinematic_mpc/kinematic_mpc.egg-info/PKG-INFO
[2.485s] writing dependency_links to ../../build/kinematic_mpc/kinematic_mpc.egg-info/dependency_links.txt
[2.485s] writing entry points to ../../build/kinematic_mpc/kinematic_mpc.egg-info/entry_points.txt
[2.485s] writing requirements to ../../build/kinematic_mpc/kinematic_mpc.egg-info/requires.txt
[2.485s] writing top-level names to ../../build/kinematic_mpc/kinematic_mpc.egg-info/top_level.txt
[2.489s] reading manifest file '../../build/kinematic_mpc/kinematic_mpc.egg-info/SOURCES.txt'
[2.491s] writing manifest file '../../build/kinematic_mpc/kinematic_mpc.egg-info/SOURCES.txt'
[2.491s] running build
[2.492s] running build_py
[2.493s] running install
[2.493s] running install_lib
[2.497s] running install_data
[2.497s] running install_egg_info
[2.501s] removing '/home/sdc6/f1tenth_ws/install/kinematic_mpc/lib/python3.10/site-packages/kinematic_mpc-0.0.0-py3.10.egg-info' (and everything under it)
[2.501s] Copying ../../build/kinematic_mpc/kinematic_mpc.egg-info to /home/sdc6/f1tenth_ws/install/kinematic_mpc/lib/python3.10/site-packages/kinematic_mpc-0.0.0-py3.10.egg-info
[2.503s] running install_scripts
[2.548s] writing list of installed files to '/home/sdc6/f1tenth_ws/build/kinematic_mpc/install.log'
[2.634s] Invoked command in '/home/sdc6/f1tenth_ws/src/f1tenth_mpc' returned '0': PS1=(test_env) \[\e]0;\u@\h: \w\a\]${debian_chroot:+($debian_chroot)}\[\033[01;32m\]\u@\h\[\033[00m\]:\[\033[01;34m\]\w\[\033[00m\]\$ PYTHONPATH=/home/sdc6/f1tenth_ws/build/kinematic_mpc/prefix_override:/usr/lib/python3/dist-packages/colcon_core/task/python/colcon_distutils_commands:/home/sdc6/f1tenth_ws/install/kinematic_mpc/lib/python3.10/site-packages:${PYTHONPATH} VIRTUAL_ENV_PROMPT=(test_env) /usr/bin/python3 -W ignore:setup.py install is deprecated -W ignore:easy_install command is deprecated setup.py egg_info --egg-base ../../build/kinematic_mpc build --build-base /home/sdc6/f1tenth_ws/build/kinematic_mpc/build install --record /home/sdc6/f1tenth_ws/build/kinematic_mpc/install.log --install-scripts $base/lib/kinematic_mpc --single-version-externally-managed install_data
