[0.076s] Invoking command in '/home/sdc6/f1tenth_ws/build/vesc_msgs': CMAKE_PREFIX_PATH=${CMAKE_PREFIX_PATH}:/home/sdc6/f1tenth_ws/install/f1tenth_stack:/home/sdc6/f1tenth_ws/install/joy_teleop:/home/sdc6/f1tenth_ws/install/mouse_teleop:/home/sdc6/f1tenth_ws/install/kinematic_mpc:/home/sdc6/f1tenth_ws/install/key_teleop:/opt/ros/humble PS1=(test_env) \[\e]0;\u@\h: \w\a\]${debian_chroot:+($debian_chroot)}\[\033[01;32m\]\u@\h\[\033[00m\]:\[\033[01;34m\]\w\[\033[00m\]\$ VIRTUAL_ENV_PROMPT=(test_env) /usr/bin/cmake --build /home/sdc6/f1tenth_ws/build/vesc_msgs -- -j6 -l6
[0.783s] -- Found ament_cmake_auto: 1.3.14 (/opt/ros/humble/share/ament_cmake_auto/cmake)
[0.830s] -- Using all available rosidl_typesupport_c: rosidl_typesupport_fastrtps_c;rosidl_typesupport_introspection_c
[0.843s] -- Found rosidl_adapter: 3.1.9 (/opt/ros/humble/share/rosidl_adapter/cmake)
[0.900s] -- Using all available rosidl_typesupport_cpp: rosidl_typesupport_fastrtps_cpp;rosidl_typesupport_introspection_cpp
[1.892s] -- Found ament_cmake_ros: 0.10.0 (/opt/ros/humble/share/ament_cmake_ros/cmake)
[2.696s] -- Using all available rosidl_typesupport_c: rosidl_typesupport_fastrtps_c;rosidl_typesupport_introspection_c
[3.992s] -- Using all available rosidl_typesupport_cpp: rosidl_typesupport_fastrtps_cpp;rosidl_typesupport_introspection_cpp
[4.110s] -- Found python_cmake_module: 0.10.0 (/opt/ros/humble/share/python_cmake_module/cmake)
[4.243s] -- Using PYTHON_EXECUTABLE: /usr/bin/python3
[4.243s] -- Using PYTHON_INCLUDE_DIRS: /usr/include/python3.10
[4.244s] -- Using PYTHON_LIBRARIES: /usr/lib/aarch64-linux-gnu/libpython3.10.so
[4.953s] -- Found ament_lint_auto: 0.12.15 (/opt/ros/humble/share/ament_lint_auto/cmake)
[5.016s] -- Added test 'copyright' to check source files copyright and LICENSE
[5.016s] -- Added test 'lint_cmake' to check CMake code style
[5.018s] -- Added test 'xmllint' to check XML markup files
[5.034s] -- Configuring done
[5.320s] -- Generating done
[5.414s] -- Build files have been written to: /home/sdc6/f1tenth_ws/build/vesc_msgs
[5.648s] [  1%] [34m[1mGenerating C code for ROS interfaces[0m
[5.722s] [  3%] [34m[1mGenerating Rust code for ROS interfaces[0m
[5.753s] [  5%] [34m[1mGenerating C++ code for ROS interfaces[0m
[5.846s] [  5%] Built target ament_cmake_python_copy_vesc_msgs
[7.236s] running egg_info
[7.267s] writing vesc_msgs.egg-info/PKG-INFO
[7.268s] writing dependency_links to vesc_msgs.egg-info/dependency_links.txt
[7.268s] writing top-level names to vesc_msgs.egg-info/top_level.txt
[7.273s] reading manifest file 'vesc_msgs.egg-info/SOURCES.txt'
[7.274s] writing manifest file 'vesc_msgs.egg-info/SOURCES.txt'
[7.501s] [  5%] Built target ament_cmake_python_build_vesc_msgs_egg
[8.453s] [  5%] Built target vesc_msgs__rs
[8.721s] [35m[1mConsolidate compiler generated dependencies of target vesc_msgs__rosidl_generator_c[0m
[8.836s] [  7%] [32mBuilding C object CMakeFiles/vesc_msgs__rosidl_generator_c.dir/rosidl_generator_c/vesc_msgs/msg/detail/vesc_state__functions.c.o[0m
[8.881s] [  8%] [32mBuilding C object CMakeFiles/vesc_msgs__rosidl_generator_c.dir/rosidl_generator_c/vesc_msgs/msg/detail/vesc_state_stamped__functions.c.o[0m
[8.881s] [  8%] Built target vesc_msgs__cpp
[8.885s] [ 10%] [32mBuilding C object CMakeFiles/vesc_msgs__rosidl_generator_c.dir/rosidl_generator_c/vesc_msgs/msg/detail/vesc_imu_stamped__functions.c.o[0m
[8.893s] [ 12%] [32mBuilding C object CMakeFiles/vesc_msgs__rosidl_generator_c.dir/rosidl_generator_c/vesc_msgs/msg/detail/vesc_imu__functions.c.o[0m
[8.968s] [ 14%] [34m[1mGenerating C++ type support for eProsima Fast-RTPS[0m
[8.980s] [ 16%] [34m[1mGenerating C++ introspection for ROS interfaces[0m
[9.282s] [ 17%] [34m[1mGenerating C++ type support dispatch for ROS interfaces[0m
[9.311s] [ 19%] [32m[1mLinking C shared library libvesc_msgs__rosidl_generator_c.so[0m
[9.607s] [ 19%] Built target vesc_msgs__rosidl_generator_c
[9.682s] [ 21%] [34m[1mGenerating C type support for eProsima Fast-RTPS[0m
[9.696s] [ 23%] [34m[1mGenerating C type support dispatch for ROS interfaces[0m
[9.716s] [ 25%] [34m[1mGenerating C introspection for ROS interfaces[0m
[12.127s] [35m[1mConsolidate compiler generated dependencies of target vesc_msgs__rosidl_typesupport_introspection_cpp[0m
[12.182s] [35m[1mConsolidate compiler generated dependencies of target vesc_msgs__rosidl_typesupport_fastrtps_cpp[0m
[12.238s] [ 26%] [32mBuilding CXX object CMakeFiles/vesc_msgs__rosidl_typesupport_introspection_cpp.dir/rosidl_typesupport_introspection_cpp/vesc_msgs/msg/detail/vesc_state__type_support.cpp.o[0m
[12.283s] [ 28%] [32mBuilding CXX object CMakeFiles/vesc_msgs__rosidl_typesupport_fastrtps_cpp.dir/rosidl_typesupport_fastrtps_cpp/vesc_msgs/msg/detail/dds_fastrtps/vesc_state__type_support.cpp.o[0m
[12.497s] [35m[1mConsolidate compiler generated dependencies of target vesc_msgs__rosidl_typesupport_cpp[0m
[12.614s] [ 30%] [32mBuilding CXX object CMakeFiles/vesc_msgs__rosidl_typesupport_cpp.dir/rosidl_typesupport_cpp/vesc_msgs/msg/vesc_state__type_support.cpp.o[0m
[12.766s] [35m[1mConsolidate compiler generated dependencies of target vesc_msgs__rosidl_typesupport_c[0m
[12.797s] [35m[1mConsolidate compiler generated dependencies of target vesc_msgs__rosidl_typesupport_introspection_c[0m
[12.832s] [ 32%] [32mBuilding CXX object CMakeFiles/vesc_msgs__rosidl_typesupport_c.dir/rosidl_typesupport_c/vesc_msgs/msg/vesc_state__type_support.cpp.o[0m
[12.868s] [ 33%] [32mBuilding C object CMakeFiles/vesc_msgs__rosidl_typesupport_introspection_c.dir/rosidl_typesupport_introspection_c/vesc_msgs/msg/detail/vesc_state__type_support.c.o[0m
[12.871s] [35m[1mConsolidate compiler generated dependencies of target vesc_msgs__rosidl_typesupport_fastrtps_c[0m
[12.941s] [ 35%] [32mBuilding CXX object CMakeFiles/vesc_msgs__rosidl_typesupport_fastrtps_c.dir/rosidl_typesupport_fastrtps_c/vesc_msgs/msg/detail/vesc_state__type_support_c.cpp.o[0m
[12.981s] [ 37%] [32mBuilding C object CMakeFiles/vesc_msgs__rosidl_typesupport_introspection_c.dir/rosidl_typesupport_introspection_c/vesc_msgs/msg/detail/vesc_state_stamped__type_support.c.o[0m
[13.043s] [ 39%] [32mBuilding CXX object CMakeFiles/vesc_msgs__rosidl_typesupport_c.dir/rosidl_typesupport_c/vesc_msgs/msg/vesc_state_stamped__type_support.cpp.o[0m
[13.099s] [ 41%] [32mBuilding C object CMakeFiles/vesc_msgs__rosidl_typesupport_introspection_c.dir/rosidl_typesupport_introspection_c/vesc_msgs/msg/detail/vesc_imu__type_support.c.o[0m
[13.208s] [ 42%] [32mBuilding CXX object CMakeFiles/vesc_msgs__rosidl_typesupport_c.dir/rosidl_typesupport_c/vesc_msgs/msg/vesc_imu__type_support.cpp.o[0m
[13.314s] [ 44%] [32mBuilding C object CMakeFiles/vesc_msgs__rosidl_typesupport_introspection_c.dir/rosidl_typesupport_introspection_c/vesc_msgs/msg/detail/vesc_imu_stamped__type_support.c.o[0m
[13.375s] [ 46%] [32mBuilding CXX object CMakeFiles/vesc_msgs__rosidl_typesupport_c.dir/rosidl_typesupport_c/vesc_msgs/msg/vesc_imu_stamped__type_support.cpp.o[0m
[13.486s] [ 48%] [32m[1mLinking C shared library libvesc_msgs__rosidl_typesupport_introspection_c.so[0m
[13.524s] [ 50%] [32m[1mLinking CXX shared library libvesc_msgs__rosidl_typesupport_c.so[0m
[13.561s] [ 51%] [32mBuilding CXX object CMakeFiles/vesc_msgs__rosidl_typesupport_cpp.dir/rosidl_typesupport_cpp/vesc_msgs/msg/vesc_state_stamped__type_support.cpp.o[0m
[13.642s] [ 51%] Built target vesc_msgs__rosidl_typesupport_introspection_c
[13.693s] [ 53%] [32mBuilding CXX object CMakeFiles/vesc_msgs__rosidl_typesupport_fastrtps_cpp.dir/rosidl_typesupport_fastrtps_cpp/vesc_msgs/msg/detail/dds_fastrtps/vesc_state_stamped__type_support.cpp.o[0m
[13.748s] [ 53%] Built target vesc_msgs__rosidl_typesupport_c
[13.807s] [ 55%] [32mBuilding CXX object CMakeFiles/vesc_msgs__rosidl_typesupport_fastrtps_cpp.dir/rosidl_typesupport_fastrtps_cpp/vesc_msgs/msg/detail/dds_fastrtps/vesc_imu__type_support.cpp.o[0m
[13.906s] [ 57%] [32mBuilding CXX object CMakeFiles/vesc_msgs__rosidl_typesupport_introspection_cpp.dir/rosidl_typesupport_introspection_cpp/vesc_msgs/msg/detail/vesc_state_stamped__type_support.cpp.o[0m
[14.284s] [ 58%] [32mBuilding CXX object CMakeFiles/vesc_msgs__rosidl_typesupport_fastrtps_c.dir/rosidl_typesupport_fastrtps_c/vesc_msgs/msg/detail/vesc_state_stamped__type_support_c.cpp.o[0m
[14.583s] [ 60%] [32mBuilding CXX object CMakeFiles/vesc_msgs__rosidl_typesupport_fastrtps_cpp.dir/rosidl_typesupport_fastrtps_cpp/vesc_msgs/msg/detail/dds_fastrtps/vesc_imu_stamped__type_support.cpp.o[0m
[14.932s] [ 62%] [32mBuilding CXX object CMakeFiles/vesc_msgs__rosidl_typesupport_cpp.dir/rosidl_typesupport_cpp/vesc_msgs/msg/vesc_imu__type_support.cpp.o[0m
[15.492s] [ 64%] [32mBuilding CXX object CMakeFiles/vesc_msgs__rosidl_typesupport_fastrtps_c.dir/rosidl_typesupport_fastrtps_c/vesc_msgs/msg/detail/vesc_imu__type_support_c.cpp.o[0m
[15.740s] [ 66%] [32mBuilding CXX object CMakeFiles/vesc_msgs__rosidl_typesupport_introspection_cpp.dir/rosidl_typesupport_introspection_cpp/vesc_msgs/msg/detail/vesc_imu__type_support.cpp.o[0m
[15.852s] [ 67%] [32mBuilding CXX object CMakeFiles/vesc_msgs__rosidl_typesupport_introspection_cpp.dir/rosidl_typesupport_introspection_cpp/vesc_msgs/msg/detail/vesc_imu_stamped__type_support.cpp.o[0m
[15.945s] [ 69%] [32mBuilding CXX object CMakeFiles/vesc_msgs__rosidl_typesupport_fastrtps_c.dir/rosidl_typesupport_fastrtps_c/vesc_msgs/msg/detail/vesc_imu_stamped__type_support_c.cpp.o[0m
[16.215s] [ 71%] [32mBuilding CXX object CMakeFiles/vesc_msgs__rosidl_typesupport_cpp.dir/rosidl_typesupport_cpp/vesc_msgs/msg/vesc_imu_stamped__type_support.cpp.o[0m
[16.948s] [ 73%] [32m[1mLinking CXX shared library libvesc_msgs__rosidl_typesupport_fastrtps_cpp.so[0m
[17.343s] [ 75%] [32m[1mLinking CXX shared library libvesc_msgs__rosidl_typesupport_fastrtps_c.so[0m
[17.390s] [ 76%] [32m[1mLinking CXX shared library libvesc_msgs__rosidl_typesupport_cpp.so[0m
[17.435s] [ 76%] Built target vesc_msgs__rosidl_typesupport_fastrtps_cpp
[17.454s] [ 78%] [32m[1mLinking CXX shared library libvesc_msgs__rosidl_typesupport_introspection_cpp.so[0m
[17.602s] [ 78%] Built target vesc_msgs__rosidl_typesupport_fastrtps_c
[17.669s] [ 78%] Built target vesc_msgs__rosidl_typesupport_cpp
[17.683s] [ 78%] Built target vesc_msgs__rosidl_typesupport_introspection_cpp
[17.800s] [ 78%] Built target vesc_msgs
[17.908s] [ 80%] [34m[1mGenerating Python code for ROS interfaces[0m
[20.106s] [ 80%] Built target vesc_msgs__py
[20.133s] [35m[1mConsolidate compiler generated dependencies of target vesc_msgs__rosidl_generator_py[0m
[20.207s] [ 82%] [32mBuilding C object CMakeFiles/vesc_msgs__rosidl_generator_py.dir/rosidl_generator_py/vesc_msgs/msg/_vesc_state_stamped_s.c.o[0m
[20.218s] [ 83%] [32mBuilding C object CMakeFiles/vesc_msgs__rosidl_generator_py.dir/rosidl_generator_py/vesc_msgs/msg/_vesc_state_s.c.o[0m
[20.464s] [ 85%] [32mBuilding C object CMakeFiles/vesc_msgs__rosidl_generator_py.dir/rosidl_generator_py/vesc_msgs/msg/_vesc_imu_stamped_s.c.o[0m
[20.578s] [ 87%] [32mBuilding C object CMakeFiles/vesc_msgs__rosidl_generator_py.dir/rosidl_generator_py/vesc_msgs/msg/_vesc_imu_s.c.o[0m
[20.828s] [ 89%] [32m[1mLinking C shared library rosidl_generator_py/vesc_msgs/libvesc_msgs__rosidl_generator_py.so[0m
[20.957s] [ 89%] Built target vesc_msgs__rosidl_generator_py
[20.986s] [35m[1mConsolidate compiler generated dependencies of target vesc_msgs__rosidl_typesupport_fastrtps_c__pyext[0m
[21.020s] [ 91%] [32mBuilding C object CMakeFiles/vesc_msgs__rosidl_typesupport_fastrtps_c__pyext.dir/rosidl_generator_py/vesc_msgs/_vesc_msgs_s.ep.rosidl_typesupport_fastrtps_c.c.o[0m
[21.262s] [ 92%] [32m[1mLinking C shared library rosidl_generator_py/vesc_msgs/vesc_msgs_s__rosidl_typesupport_fastrtps_c.cpython-310-aarch64-linux-gnu.so[0m
[21.355s] [ 92%] Built target vesc_msgs__rosidl_typesupport_fastrtps_c__pyext
[21.378s] [35m[1mConsolidate compiler generated dependencies of target vesc_msgs__rosidl_typesupport_c__pyext[0m
[21.405s] [ 94%] [32mBuilding C object CMakeFiles/vesc_msgs__rosidl_typesupport_c__pyext.dir/rosidl_generator_py/vesc_msgs/_vesc_msgs_s.ep.rosidl_typesupport_c.c.o[0m
[21.631s] [ 96%] [32m[1mLinking C shared library rosidl_generator_py/vesc_msgs/vesc_msgs_s__rosidl_typesupport_c.cpython-310-aarch64-linux-gnu.so[0m
[21.721s] [ 96%] Built target vesc_msgs__rosidl_typesupport_c__pyext
[21.748s] [35m[1mConsolidate compiler generated dependencies of target vesc_msgs__rosidl_typesupport_introspection_c__pyext[0m
[21.776s] [ 98%] [32mBuilding C object CMakeFiles/vesc_msgs__rosidl_typesupport_introspection_c__pyext.dir/rosidl_generator_py/vesc_msgs/_vesc_msgs_s.ep.rosidl_typesupport_introspection_c.c.o[0m
[22.025s] [100%] [32m[1mLinking C shared library rosidl_generator_py/vesc_msgs/vesc_msgs_s__rosidl_typesupport_introspection_c.cpython-310-aarch64-linux-gnu.so[0m
[22.116s] [100%] Built target vesc_msgs__rosidl_typesupport_introspection_c__pyext
[22.145s] Invoked command in '/home/sdc6/f1tenth_ws/build/vesc_msgs' returned '0': CMAKE_PREFIX_PATH=${CMAKE_PREFIX_PATH}:/home/sdc6/f1tenth_ws/install/f1tenth_stack:/home/sdc6/f1tenth_ws/install/joy_teleop:/home/sdc6/f1tenth_ws/install/mouse_teleop:/home/sdc6/f1tenth_ws/install/kinematic_mpc:/home/sdc6/f1tenth_ws/install/key_teleop:/opt/ros/humble PS1=(test_env) \[\e]0;\u@\h: \w\a\]${debian_chroot:+($debian_chroot)}\[\033[01;32m\]\u@\h\[\033[00m\]:\[\033[01;34m\]\w\[\033[00m\]\$ VIRTUAL_ENV_PROMPT=(test_env) /usr/bin/cmake --build /home/sdc6/f1tenth_ws/build/vesc_msgs -- -j6 -l6
[22.148s] Invoking command in '/home/sdc6/f1tenth_ws/build/vesc_msgs': CMAKE_PREFIX_PATH=${CMAKE_PREFIX_PATH}:/home/sdc6/f1tenth_ws/install/f1tenth_stack:/home/sdc6/f1tenth_ws/install/joy_teleop:/home/sdc6/f1tenth_ws/install/mouse_teleop:/home/sdc6/f1tenth_ws/install/kinematic_mpc:/home/sdc6/f1tenth_ws/install/key_teleop:/opt/ros/humble PS1=(test_env) \[\e]0;\u@\h: \w\a\]${debian_chroot:+($debian_chroot)}\[\033[01;32m\]\u@\h\[\033[00m\]:\[\033[01;34m\]\w\[\033[00m\]\$ VIRTUAL_ENV_PROMPT=(test_env) /usr/bin/cmake --install /home/sdc6/f1tenth_ws/build/vesc_msgs
[22.167s] -- Install configuration: ""
[22.168s] -- Up-to-date: /home/sdc6/f1tenth_ws/install/vesc_msgs/share/ament_index/resource_index/rosidl_interfaces/vesc_msgs
[22.169s] -- Up-to-date: /home/sdc6/f1tenth_ws/install/vesc_msgs/include/vesc_msgs/vesc_msgs
[22.169s] -- Up-to-date: /home/sdc6/f1tenth_ws/install/vesc_msgs/include/vesc_msgs/vesc_msgs/msg
[22.170s] -- Installing: /home/sdc6/f1tenth_ws/install/vesc_msgs/include/vesc_msgs/vesc_msgs/msg/vesc_state.h
[22.172s] -- Up-to-date: /home/sdc6/f1tenth_ws/install/vesc_msgs/include/vesc_msgs/vesc_msgs/msg/rosidl_generator_c__visibility_control.h
[22.172s] -- Installing: /home/sdc6/f1tenth_ws/install/vesc_msgs/include/vesc_msgs/vesc_msgs/msg/vesc_imu.h
[22.174s] -- Installing: /home/sdc6/f1tenth_ws/install/vesc_msgs/include/vesc_msgs/vesc_msgs/msg/vesc_state_stamped.h
[22.175s] -- Installing: /home/sdc6/f1tenth_ws/install/vesc_msgs/include/vesc_msgs/vesc_msgs/msg/vesc_imu_stamped.h
[22.176s] -- Up-to-date: /home/sdc6/f1tenth_ws/install/vesc_msgs/include/vesc_msgs/vesc_msgs/msg/detail
[22.178s] -- Installing: /home/sdc6/f1tenth_ws/install/vesc_msgs/include/vesc_msgs/vesc_msgs/msg/detail/vesc_state_stamped__functions.c
[22.179s] -- Installing: /home/sdc6/f1tenth_ws/install/vesc_msgs/include/vesc_msgs/vesc_msgs/msg/detail/vesc_imu_stamped__type_support.h
[22.180s] -- Installing: /home/sdc6/f1tenth_ws/install/vesc_msgs/include/vesc_msgs/vesc_msgs/msg/detail/vesc_state_stamped__type_support.h
[22.182s] -- Installing: /home/sdc6/f1tenth_ws/install/vesc_msgs/include/vesc_msgs/vesc_msgs/msg/detail/vesc_state_stamped__struct.h
[22.183s] -- Installing: /home/sdc6/f1tenth_ws/install/vesc_msgs/include/vesc_msgs/vesc_msgs/msg/detail/vesc_imu__type_support.h
[22.185s] -- Installing: /home/sdc6/f1tenth_ws/install/vesc_msgs/include/vesc_msgs/vesc_msgs/msg/detail/vesc_imu_stamped__functions.h
[22.189s] -- Installing: /home/sdc6/f1tenth_ws/install/vesc_msgs/include/vesc_msgs/vesc_msgs/msg/detail/vesc_imu__functions.c
[22.189s] -- Installing: /home/sdc6/f1tenth_ws/install/vesc_msgs/include/vesc_msgs/vesc_msgs/msg/detail/vesc_state__type_support.h
[22.189s] -- Installing: /home/sdc6/f1tenth_ws/install/vesc_msgs/include/vesc_msgs/vesc_msgs/msg/detail/vesc_imu_stamped__functions.c
[22.190s] -- Installing: /home/sdc6/f1tenth_ws/install/vesc_msgs/include/vesc_msgs/vesc_msgs/msg/detail/vesc_state__functions.c
[22.191s] -- Installing: /home/sdc6/f1tenth_ws/install/vesc_msgs/include/vesc_msgs/vesc_msgs/msg/detail/vesc_state__functions.h
[22.193s] -- Installing: /home/sdc6/f1tenth_ws/install/vesc_msgs/include/vesc_msgs/vesc_msgs/msg/detail/vesc_imu_stamped__struct.h
[22.194s] -- Installing: /home/sdc6/f1tenth_ws/install/vesc_msgs/include/vesc_msgs/vesc_msgs/msg/detail/vesc_imu__struct.h
[22.196s] -- Installing: /home/sdc6/f1tenth_ws/install/vesc_msgs/include/vesc_msgs/vesc_msgs/msg/detail/vesc_imu__functions.h
[22.197s] -- Installing: /home/sdc6/f1tenth_ws/install/vesc_msgs/include/vesc_msgs/vesc_msgs/msg/detail/vesc_state_stamped__functions.h
[22.199s] -- Installing: /home/sdc6/f1tenth_ws/install/vesc_msgs/include/vesc_msgs/vesc_msgs/msg/detail/vesc_state__struct.h
[22.200s] -- Up-to-date: /home/sdc6/f1tenth_ws/install/vesc_msgs/share/vesc_msgs/environment/library_path.sh
[22.201s] -- Installing: /home/sdc6/f1tenth_ws/install/vesc_msgs/share/vesc_msgs/environment/library_path.dsv
[22.202s] -- Installing: /home/sdc6/f1tenth_ws/install/vesc_msgs/lib/libvesc_msgs__rosidl_generator_c.so
[22.205s] -- Set runtime path of "/home/sdc6/f1tenth_ws/install/vesc_msgs/lib/libvesc_msgs__rosidl_generator_c.so" to ""
[22.206s] -- Up-to-date: /home/sdc6/f1tenth_ws/install/vesc_msgs/include/vesc_msgs/vesc_msgs
[22.206s] -- Up-to-date: /home/sdc6/f1tenth_ws/install/vesc_msgs/include/vesc_msgs/vesc_msgs/msg
[22.207s] -- Up-to-date: /home/sdc6/f1tenth_ws/install/vesc_msgs/include/vesc_msgs/vesc_msgs/msg/detail
[22.208s] -- Installing: /home/sdc6/f1tenth_ws/install/vesc_msgs/include/vesc_msgs/vesc_msgs/msg/detail/vesc_state__rosidl_typesupport_fastrtps_c.h
[22.209s] -- Installing: /home/sdc6/f1tenth_ws/install/vesc_msgs/include/vesc_msgs/vesc_msgs/msg/detail/vesc_state_stamped__rosidl_typesupport_fastrtps_c.h
[22.211s] -- Installing: /home/sdc6/f1tenth_ws/install/vesc_msgs/include/vesc_msgs/vesc_msgs/msg/detail/vesc_imu__rosidl_typesupport_fastrtps_c.h
[22.212s] -- Installing: /home/sdc6/f1tenth_ws/install/vesc_msgs/include/vesc_msgs/vesc_msgs/msg/detail/vesc_imu_stamped__rosidl_typesupport_fastrtps_c.h
[22.213s] -- Up-to-date: /home/sdc6/f1tenth_ws/install/vesc_msgs/include/vesc_msgs/vesc_msgs/msg/rosidl_typesupport_fastrtps_c__visibility_control.h
[22.214s] -- Installing: /home/sdc6/f1tenth_ws/install/vesc_msgs/lib/libvesc_msgs__rosidl_typesupport_fastrtps_c.so
[22.217s] -- Set runtime path of "/home/sdc6/f1tenth_ws/install/vesc_msgs/lib/libvesc_msgs__rosidl_typesupport_fastrtps_c.so" to ""
[22.217s] -- Up-to-date: /home/sdc6/f1tenth_ws/install/vesc_msgs/include/vesc_msgs/vesc_msgs
[22.218s] -- Up-to-date: /home/sdc6/f1tenth_ws/install/vesc_msgs/include/vesc_msgs/vesc_msgs/msg
[22.218s] -- Up-to-date: /home/sdc6/f1tenth_ws/install/vesc_msgs/include/vesc_msgs/vesc_msgs/msg/detail
[22.219s] -- Installing: /home/sdc6/f1tenth_ws/install/vesc_msgs/include/vesc_msgs/vesc_msgs/msg/detail/vesc_imu__rosidl_typesupport_introspection_c.h
[22.220s] -- Installing: /home/sdc6/f1tenth_ws/install/vesc_msgs/include/vesc_msgs/vesc_msgs/msg/detail/vesc_imu__type_support.c
[22.222s] -- Installing: /home/sdc6/f1tenth_ws/install/vesc_msgs/include/vesc_msgs/vesc_msgs/msg/detail/vesc_state_stamped__type_support.c
[22.224s] -- Installing: /home/sdc6/f1tenth_ws/install/vesc_msgs/include/vesc_msgs/vesc_msgs/msg/detail/vesc_imu_stamped__rosidl_typesupport_introspection_c.h
[22.226s] -- Installing: /home/sdc6/f1tenth_ws/install/vesc_msgs/include/vesc_msgs/vesc_msgs/msg/detail/vesc_state__rosidl_typesupport_introspection_c.h
[22.228s] -- Installing: /home/sdc6/f1tenth_ws/install/vesc_msgs/include/vesc_msgs/vesc_msgs/msg/detail/vesc_state_stamped__rosidl_typesupport_introspection_c.h
[22.230s] -- Installing: /home/sdc6/f1tenth_ws/install/vesc_msgs/include/vesc_msgs/vesc_msgs/msg/detail/vesc_state__type_support.c
[22.231s] -- Installing: /home/sdc6/f1tenth_ws/install/vesc_msgs/include/vesc_msgs/vesc_msgs/msg/detail/vesc_imu_stamped__type_support.c
[22.233s] -- Up-to-date: /home/sdc6/f1tenth_ws/install/vesc_msgs/include/vesc_msgs/vesc_msgs/msg/rosidl_typesupport_introspection_c__visibility_control.h
[22.235s] -- Installing: /home/sdc6/f1tenth_ws/install/vesc_msgs/lib/libvesc_msgs__rosidl_typesupport_introspection_c.so
[22.238s] -- Set runtime path of "/home/sdc6/f1tenth_ws/install/vesc_msgs/lib/libvesc_msgs__rosidl_typesupport_introspection_c.so" to ""
[22.239s] -- Installing: /home/sdc6/f1tenth_ws/install/vesc_msgs/lib/libvesc_msgs__rosidl_typesupport_c.so
[22.241s] -- Set runtime path of "/home/sdc6/f1tenth_ws/install/vesc_msgs/lib/libvesc_msgs__rosidl_typesupport_c.so" to ""
[22.242s] -- Up-to-date: /home/sdc6/f1tenth_ws/install/vesc_msgs/include/vesc_msgs/vesc_msgs
[22.242s] -- Up-to-date: /home/sdc6/f1tenth_ws/install/vesc_msgs/include/vesc_msgs/vesc_msgs/msg
[22.243s] -- Installing: /home/sdc6/f1tenth_ws/install/vesc_msgs/include/vesc_msgs/vesc_msgs/msg/vesc_imu.hpp
[22.244s] -- Installing: /home/sdc6/f1tenth_ws/install/vesc_msgs/include/vesc_msgs/vesc_msgs/msg/vesc_state_stamped.hpp
[22.248s] -- Installing: /home/sdc6/f1tenth_ws/install/vesc_msgs/include/vesc_msgs/vesc_msgs/msg/vesc_imu_stamped.hpp
[22.249s] -- Up-to-date: /home/sdc6/f1tenth_ws/install/vesc_msgs/include/vesc_msgs/vesc_msgs/msg/rosidl_generator_cpp__visibility_control.hpp
[22.249s] -- Up-to-date: /home/sdc6/f1tenth_ws/install/vesc_msgs/include/vesc_msgs/vesc_msgs/msg/detail
[22.250s] -- Installing: /home/sdc6/f1tenth_ws/install/vesc_msgs/include/vesc_msgs/vesc_msgs/msg/detail/vesc_imu__traits.hpp
[22.255s] -- Installing: /home/sdc6/f1tenth_ws/install/vesc_msgs/include/vesc_msgs/vesc_msgs/msg/detail/vesc_state__traits.hpp
[22.257s] -- Installing: /home/sdc6/f1tenth_ws/install/vesc_msgs/include/vesc_msgs/vesc_msgs/msg/detail/vesc_state__type_support.hpp
[22.258s] -- Installing: /home/sdc6/f1tenth_ws/install/vesc_msgs/include/vesc_msgs/vesc_msgs/msg/detail/vesc_imu_stamped__traits.hpp
[22.259s] -- Installing: /home/sdc6/f1tenth_ws/install/vesc_msgs/include/vesc_msgs/vesc_msgs/msg/detail/vesc_imu__type_support.hpp
[22.261s] -- Installing: /home/sdc6/f1tenth_ws/install/vesc_msgs/include/vesc_msgs/vesc_msgs/msg/detail/vesc_imu_stamped__type_support.hpp
[22.262s] -- Installing: /home/sdc6/f1tenth_ws/install/vesc_msgs/include/vesc_msgs/vesc_msgs/msg/detail/vesc_imu_stamped__struct.hpp
[22.264s] -- Installing: /home/sdc6/f1tenth_ws/install/vesc_msgs/include/vesc_msgs/vesc_msgs/msg/detail/vesc_state_stamped__type_support.hpp
[22.265s] -- Installing: /home/sdc6/f1tenth_ws/install/vesc_msgs/include/vesc_msgs/vesc_msgs/msg/detail/vesc_state_stamped__builder.hpp
[22.267s] -- Installing: /home/sdc6/f1tenth_ws/install/vesc_msgs/include/vesc_msgs/vesc_msgs/msg/detail/vesc_state__builder.hpp
[22.268s] -- Installing: /home/sdc6/f1tenth_ws/install/vesc_msgs/include/vesc_msgs/vesc_msgs/msg/detail/vesc_imu__struct.hpp
[22.270s] -- Installing: /home/sdc6/f1tenth_ws/install/vesc_msgs/include/vesc_msgs/vesc_msgs/msg/detail/vesc_state_stamped__struct.hpp
[22.271s] -- Installing: /home/sdc6/f1tenth_ws/install/vesc_msgs/include/vesc_msgs/vesc_msgs/msg/detail/vesc_state_stamped__traits.hpp
[22.272s] -- Installing: /home/sdc6/f1tenth_ws/install/vesc_msgs/include/vesc_msgs/vesc_msgs/msg/detail/vesc_state__struct.hpp
[22.274s] -- Installing: /home/sdc6/f1tenth_ws/install/vesc_msgs/include/vesc_msgs/vesc_msgs/msg/detail/vesc_imu_stamped__builder.hpp
[22.276s] -- Installing: /home/sdc6/f1tenth_ws/install/vesc_msgs/include/vesc_msgs/vesc_msgs/msg/detail/vesc_imu__builder.hpp
[22.277s] -- Installing: /home/sdc6/f1tenth_ws/install/vesc_msgs/include/vesc_msgs/vesc_msgs/msg/vesc_state.hpp
[22.278s] -- Up-to-date: /home/sdc6/f1tenth_ws/install/vesc_msgs/include/vesc_msgs/vesc_msgs
[22.279s] -- Up-to-date: /home/sdc6/f1tenth_ws/install/vesc_msgs/include/vesc_msgs/vesc_msgs/msg
[22.280s] -- Up-to-date: /home/sdc6/f1tenth_ws/install/vesc_msgs/include/vesc_msgs/vesc_msgs/msg/rosidl_typesupport_fastrtps_cpp__visibility_control.h
[22.280s] -- Up-to-date: /home/sdc6/f1tenth_ws/install/vesc_msgs/include/vesc_msgs/vesc_msgs/msg/detail
[22.281s] -- Installing: /home/sdc6/f1tenth_ws/install/vesc_msgs/include/vesc_msgs/vesc_msgs/msg/detail/vesc_state__rosidl_typesupport_fastrtps_cpp.hpp
[22.282s] -- Installing: /home/sdc6/f1tenth_ws/install/vesc_msgs/include/vesc_msgs/vesc_msgs/msg/detail/vesc_imu_stamped__rosidl_typesupport_fastrtps_cpp.hpp
[22.283s] -- Installing: /home/sdc6/f1tenth_ws/install/vesc_msgs/include/vesc_msgs/vesc_msgs/msg/detail/vesc_state_stamped__rosidl_typesupport_fastrtps_cpp.hpp
[22.285s] -- Up-to-date: /home/sdc6/f1tenth_ws/install/vesc_msgs/include/vesc_msgs/vesc_msgs/msg/detail/dds_fastrtps
[22.285s] -- Installing: /home/sdc6/f1tenth_ws/install/vesc_msgs/include/vesc_msgs/vesc_msgs/msg/detail/vesc_imu__rosidl_typesupport_fastrtps_cpp.hpp
[22.287s] -- Installing: /home/sdc6/f1tenth_ws/install/vesc_msgs/lib/libvesc_msgs__rosidl_typesupport_fastrtps_cpp.so
[22.290s] -- Set runtime path of "/home/sdc6/f1tenth_ws/install/vesc_msgs/lib/libvesc_msgs__rosidl_typesupport_fastrtps_cpp.so" to ""
[22.290s] -- Up-to-date: /home/sdc6/f1tenth_ws/install/vesc_msgs/include/vesc_msgs/vesc_msgs
[22.291s] -- Up-to-date: /home/sdc6/f1tenth_ws/install/vesc_msgs/include/vesc_msgs/vesc_msgs/msg
[22.291s] -- Up-to-date: /home/sdc6/f1tenth_ws/install/vesc_msgs/include/vesc_msgs/vesc_msgs/msg/detail
[22.292s] -- Installing: /home/sdc6/f1tenth_ws/install/vesc_msgs/include/vesc_msgs/vesc_msgs/msg/detail/vesc_imu__type_support.cpp
[22.293s] -- Installing: /home/sdc6/f1tenth_ws/install/vesc_msgs/include/vesc_msgs/vesc_msgs/msg/detail/vesc_state_stamped__type_support.cpp
[22.295s] -- Installing: /home/sdc6/f1tenth_ws/install/vesc_msgs/include/vesc_msgs/vesc_msgs/msg/detail/vesc_imu__rosidl_typesupport_introspection_cpp.hpp
[22.296s] -- Installing: /home/sdc6/f1tenth_ws/install/vesc_msgs/include/vesc_msgs/vesc_msgs/msg/detail/vesc_imu_stamped__type_support.cpp
[22.298s] -- Installing: /home/sdc6/f1tenth_ws/install/vesc_msgs/include/vesc_msgs/vesc_msgs/msg/detail/vesc_imu_stamped__rosidl_typesupport_introspection_cpp.hpp
[22.299s] -- Installing: /home/sdc6/f1tenth_ws/install/vesc_msgs/include/vesc_msgs/vesc_msgs/msg/detail/vesc_state__type_support.cpp
[22.302s] -- Installing: /home/sdc6/f1tenth_ws/install/vesc_msgs/include/vesc_msgs/vesc_msgs/msg/detail/vesc_state_stamped__rosidl_typesupport_introspection_cpp.hpp
[22.303s] -- Installing: /home/sdc6/f1tenth_ws/install/vesc_msgs/include/vesc_msgs/vesc_msgs/msg/detail/vesc_state__rosidl_typesupport_introspection_cpp.hpp
[22.305s] -- Installing: /home/sdc6/f1tenth_ws/install/vesc_msgs/lib/libvesc_msgs__rosidl_typesupport_introspection_cpp.so
[22.308s] -- Set runtime path of "/home/sdc6/f1tenth_ws/install/vesc_msgs/lib/libvesc_msgs__rosidl_typesupport_introspection_cpp.so" to ""
[22.309s] -- Installing: /home/sdc6/f1tenth_ws/install/vesc_msgs/lib/libvesc_msgs__rosidl_typesupport_cpp.so
[22.311s] -- Set runtime path of "/home/sdc6/f1tenth_ws/install/vesc_msgs/lib/libvesc_msgs__rosidl_typesupport_cpp.so" to ""
[22.312s] -- Up-to-date: /home/sdc6/f1tenth_ws/install/vesc_msgs/share/vesc_msgs/environment/pythonpath.sh
[22.312s] -- Installing: /home/sdc6/f1tenth_ws/install/vesc_msgs/share/vesc_msgs/environment/pythonpath.dsv
[22.314s] -- Up-to-date: /home/sdc6/f1tenth_ws/install/vesc_msgs/local/lib/python3.10/dist-packages/vesc_msgs-1.1.0-py3.10.egg-info
[22.314s] -- Installing: /home/sdc6/f1tenth_ws/install/vesc_msgs/local/lib/python3.10/dist-packages/vesc_msgs-1.1.0-py3.10.egg-info/SOURCES.txt
[22.316s] -- Installing: /home/sdc6/f1tenth_ws/install/vesc_msgs/local/lib/python3.10/dist-packages/vesc_msgs-1.1.0-py3.10.egg-info/dependency_links.txt
[22.317s] -- Installing: /home/sdc6/f1tenth_ws/install/vesc_msgs/local/lib/python3.10/dist-packages/vesc_msgs-1.1.0-py3.10.egg-info/top_level.txt
[22.318s] -- Installing: /home/sdc6/f1tenth_ws/install/vesc_msgs/local/lib/python3.10/dist-packages/vesc_msgs-1.1.0-py3.10.egg-info/PKG-INFO
[22.320s] -- Up-to-date: /home/sdc6/f1tenth_ws/install/vesc_msgs/local/lib/python3.10/dist-packages/vesc_msgs
[22.320s] -- Up-to-date: /home/sdc6/f1tenth_ws/install/vesc_msgs/local/lib/python3.10/dist-packages/vesc_msgs/msg
[22.321s] -- Installing: /home/sdc6/f1tenth_ws/install/vesc_msgs/local/lib/python3.10/dist-packages/vesc_msgs/msg/_vesc_state_s.c
[22.323s] -- Installing: /home/sdc6/f1tenth_ws/install/vesc_msgs/local/lib/python3.10/dist-packages/vesc_msgs/msg/_vesc_imu_stamped.py
[22.324s] -- Installing: /home/sdc6/f1tenth_ws/install/vesc_msgs/local/lib/python3.10/dist-packages/vesc_msgs/msg/_vesc_state.py
[22.330s] -- Installing: /home/sdc6/f1tenth_ws/install/vesc_msgs/local/lib/python3.10/dist-packages/vesc_msgs/msg/_vesc_imu_s.c
[22.331s] -- Installing: /home/sdc6/f1tenth_ws/install/vesc_msgs/local/lib/python3.10/dist-packages/vesc_msgs/msg/__init__.py
[22.333s] -- Installing: /home/sdc6/f1tenth_ws/install/vesc_msgs/local/lib/python3.10/dist-packages/vesc_msgs/msg/_vesc_imu_stamped_s.c
[22.334s] -- Installing: /home/sdc6/f1tenth_ws/install/vesc_msgs/local/lib/python3.10/dist-packages/vesc_msgs/msg/_vesc_state_stamped.py
[22.336s] -- Installing: /home/sdc6/f1tenth_ws/install/vesc_msgs/local/lib/python3.10/dist-packages/vesc_msgs/msg/_vesc_imu.py
[22.337s] -- Installing: /home/sdc6/f1tenth_ws/install/vesc_msgs/local/lib/python3.10/dist-packages/vesc_msgs/msg/_vesc_state_stamped_s.c
[22.339s] -- Installing: /home/sdc6/f1tenth_ws/install/vesc_msgs/local/lib/python3.10/dist-packages/vesc_msgs/vesc_msgs_s__rosidl_typesupport_fastrtps_c.cpython-310-aarch64-linux-gnu.so
[22.340s] -- Installing: /home/sdc6/f1tenth_ws/install/vesc_msgs/local/lib/python3.10/dist-packages/vesc_msgs/_vesc_msgs_s.ep.rosidl_typesupport_c.c
[22.342s] -- Installing: /home/sdc6/f1tenth_ws/install/vesc_msgs/local/lib/python3.10/dist-packages/vesc_msgs/libvesc_msgs__rosidl_generator_py.so
[22.344s] -- Installing: /home/sdc6/f1tenth_ws/install/vesc_msgs/local/lib/python3.10/dist-packages/vesc_msgs/vesc_msgs_s__rosidl_typesupport_c.cpython-310-aarch64-linux-gnu.so
[22.346s] -- Installing: /home/sdc6/f1tenth_ws/install/vesc_msgs/local/lib/python3.10/dist-packages/vesc_msgs/_vesc_msgs_s.ep.rosidl_typesupport_introspection_c.c
[22.348s] -- Installing: /home/sdc6/f1tenth_ws/install/vesc_msgs/local/lib/python3.10/dist-packages/vesc_msgs/_vesc_msgs_s.ep.rosidl_typesupport_fastrtps_c.c
[22.349s] -- Installing: /home/sdc6/f1tenth_ws/install/vesc_msgs/local/lib/python3.10/dist-packages/vesc_msgs/vesc_msgs_s__rosidl_typesupport_introspection_c.cpython-310-aarch64-linux-gnu.so
[22.351s] -- Installing: /home/sdc6/f1tenth_ws/install/vesc_msgs/local/lib/python3.10/dist-packages/vesc_msgs/__init__.py
[22.447s] Listing '/home/sdc6/f1tenth_ws/install/vesc_msgs/local/lib/python3.10/dist-packages/vesc_msgs'...
[22.447s] Compiling '/home/sdc6/f1tenth_ws/install/vesc_msgs/local/lib/python3.10/dist-packages/vesc_msgs/__init__.py'...
[22.447s] Listing '/home/sdc6/f1tenth_ws/install/vesc_msgs/local/lib/python3.10/dist-packages/vesc_msgs/msg'...
[22.448s] Compiling '/home/sdc6/f1tenth_ws/install/vesc_msgs/local/lib/python3.10/dist-packages/vesc_msgs/msg/__init__.py'...
[22.448s] Compiling '/home/sdc6/f1tenth_ws/install/vesc_msgs/local/lib/python3.10/dist-packages/vesc_msgs/msg/_vesc_imu.py'...
[22.448s] Compiling '/home/sdc6/f1tenth_ws/install/vesc_msgs/local/lib/python3.10/dist-packages/vesc_msgs/msg/_vesc_imu_stamped.py'...
[22.448s] Compiling '/home/sdc6/f1tenth_ws/install/vesc_msgs/local/lib/python3.10/dist-packages/vesc_msgs/msg/_vesc_state.py'...
[22.448s] Compiling '/home/sdc6/f1tenth_ws/install/vesc_msgs/local/lib/python3.10/dist-packages/vesc_msgs/msg/_vesc_state_stamped.py'...
[22.462s] -- Installing: /home/sdc6/f1tenth_ws/install/vesc_msgs/local/lib/python3.10/dist-packages/vesc_msgs/vesc_msgs_s__rosidl_typesupport_fastrtps_c.cpython-310-aarch64-linux-gnu.so
[22.463s] -- Set runtime path of "/home/sdc6/f1tenth_ws/install/vesc_msgs/local/lib/python3.10/dist-packages/vesc_msgs/vesc_msgs_s__rosidl_typesupport_fastrtps_c.cpython-310-aarch64-linux-gnu.so" to ""
[22.463s] -- Installing: /home/sdc6/f1tenth_ws/install/vesc_msgs/local/lib/python3.10/dist-packages/vesc_msgs/vesc_msgs_s__rosidl_typesupport_introspection_c.cpython-310-aarch64-linux-gnu.so
[22.464s] -- Set runtime path of "/home/sdc6/f1tenth_ws/install/vesc_msgs/local/lib/python3.10/dist-packages/vesc_msgs/vesc_msgs_s__rosidl_typesupport_introspection_c.cpython-310-aarch64-linux-gnu.so" to ""
[22.465s] -- Installing: /home/sdc6/f1tenth_ws/install/vesc_msgs/local/lib/python3.10/dist-packages/vesc_msgs/vesc_msgs_s__rosidl_typesupport_c.cpython-310-aarch64-linux-gnu.so
[22.469s] -- Set runtime path of "/home/sdc6/f1tenth_ws/install/vesc_msgs/local/lib/python3.10/dist-packages/vesc_msgs/vesc_msgs_s__rosidl_typesupport_c.cpython-310-aarch64-linux-gnu.so" to ""
[22.469s] -- Installing: /home/sdc6/f1tenth_ws/install/vesc_msgs/lib/libvesc_msgs__rosidl_generator_py.so
[22.470s] -- Set runtime path of "/home/sdc6/f1tenth_ws/install/vesc_msgs/lib/libvesc_msgs__rosidl_generator_py.so" to ""
[22.470s] -- Up-to-date: /home/sdc6/f1tenth_ws/install/vesc_msgs/share/ament_index/resource_index/rust_packages/vesc_msgs
[22.470s] -- Up-to-date: /home/sdc6/f1tenth_ws/install/vesc_msgs/share/vesc_msgs/rust
[22.471s] -- Installing: /home/sdc6/f1tenth_ws/install/vesc_msgs/share/vesc_msgs/rust/build.rs
[22.473s] -- Up-to-date: /home/sdc6/f1tenth_ws/install/vesc_msgs/share/vesc_msgs/rust/src
[22.473s] -- Installing: /home/sdc6/f1tenth_ws/install/vesc_msgs/share/vesc_msgs/rust/src/lib.rs
[22.474s] -- Up-to-date: /home/sdc6/f1tenth_ws/install/vesc_msgs/share/vesc_msgs/rust/src/msg
[22.478s] -- Installing: /home/sdc6/f1tenth_ws/install/vesc_msgs/share/vesc_msgs/rust/src/msg/rmw.rs
[22.478s] -- Installing: /home/sdc6/f1tenth_ws/install/vesc_msgs/share/vesc_msgs/rust/src/msg.rs
[22.478s] -- Installing: /home/sdc6/f1tenth_ws/install/vesc_msgs/share/vesc_msgs/rust/Cargo.toml
[22.479s] -- Up-to-date: /home/sdc6/f1tenth_ws/install/vesc_msgs/share/vesc_msgs/msg/VescState.idl
[22.479s] -- Up-to-date: /home/sdc6/f1tenth_ws/install/vesc_msgs/share/vesc_msgs/msg/VescStateStamped.idl
[22.479s] -- Up-to-date: /home/sdc6/f1tenth_ws/install/vesc_msgs/share/vesc_msgs/msg/VescImu.idl
[22.480s] -- Up-to-date: /home/sdc6/f1tenth_ws/install/vesc_msgs/share/vesc_msgs/msg/VescImuStamped.idl
[22.480s] -- Up-to-date: /home/sdc6/f1tenth_ws/install/vesc_msgs/share/vesc_msgs/msg/VescState.msg
[22.482s] -- Up-to-date: /home/sdc6/f1tenth_ws/install/vesc_msgs/share/vesc_msgs/msg/VescStateStamped.msg
[22.482s] -- Up-to-date: /home/sdc6/f1tenth_ws/install/vesc_msgs/share/vesc_msgs/msg/VescImu.msg
[22.482s] -- Up-to-date: /home/sdc6/f1tenth_ws/install/vesc_msgs/share/vesc_msgs/msg/VescImuStamped.msg
[22.482s] -- Up-to-date: /home/sdc6/f1tenth_ws/install/vesc_msgs/share/ament_index/resource_index/package_run_dependencies/vesc_msgs
[22.482s] -- Installing: /home/sdc6/f1tenth_ws/install/vesc_msgs/share/ament_index/resource_index/parent_prefix_path/vesc_msgs
[22.483s] -- Up-to-date: /home/sdc6/f1tenth_ws/install/vesc_msgs/share/vesc_msgs/environment/ament_prefix_path.sh
[22.483s] -- Installing: /home/sdc6/f1tenth_ws/install/vesc_msgs/share/vesc_msgs/environment/ament_prefix_path.dsv
[22.483s] -- Up-to-date: /home/sdc6/f1tenth_ws/install/vesc_msgs/share/vesc_msgs/environment/path.sh
[22.486s] -- Installing: /home/sdc6/f1tenth_ws/install/vesc_msgs/share/vesc_msgs/environment/path.dsv
[22.497s] -- Up-to-date: /home/sdc6/f1tenth_ws/install/vesc_msgs/share/vesc_msgs/local_setup.bash
[22.497s] -- Up-to-date: /home/sdc6/f1tenth_ws/install/vesc_msgs/share/vesc_msgs/local_setup.sh
[22.498s] -- Up-to-date: /home/sdc6/f1tenth_ws/install/vesc_msgs/share/vesc_msgs/local_setup.zsh
[22.498s] -- Installing: /home/sdc6/f1tenth_ws/install/vesc_msgs/share/vesc_msgs/local_setup.dsv
[22.499s] -- Installing: /home/sdc6/f1tenth_ws/install/vesc_msgs/share/vesc_msgs/package.dsv
[22.499s] -- Up-to-date: /home/sdc6/f1tenth_ws/install/vesc_msgs/share/ament_index/resource_index/packages/vesc_msgs
[22.501s] -- Up-to-date: /home/sdc6/f1tenth_ws/install/vesc_msgs/share/vesc_msgs/cmake/export_vesc_msgs__rosidl_generator_cExport.cmake
[22.501s] -- Up-to-date: /home/sdc6/f1tenth_ws/install/vesc_msgs/share/vesc_msgs/cmake/export_vesc_msgs__rosidl_generator_cExport-noconfig.cmake
[22.502s] -- Up-to-date: /home/sdc6/f1tenth_ws/install/vesc_msgs/share/vesc_msgs/cmake/export_vesc_msgs__rosidl_typesupport_fastrtps_cExport.cmake
[22.502s] -- Up-to-date: /home/sdc6/f1tenth_ws/install/vesc_msgs/share/vesc_msgs/cmake/export_vesc_msgs__rosidl_typesupport_fastrtps_cExport-noconfig.cmake
[22.503s] -- Up-to-date: /home/sdc6/f1tenth_ws/install/vesc_msgs/share/vesc_msgs/cmake/vesc_msgs__rosidl_typesupport_introspection_cExport.cmake
[22.504s] -- Up-to-date: /home/sdc6/f1tenth_ws/install/vesc_msgs/share/vesc_msgs/cmake/vesc_msgs__rosidl_typesupport_introspection_cExport-noconfig.cmake
[22.505s] -- Up-to-date: /home/sdc6/f1tenth_ws/install/vesc_msgs/share/vesc_msgs/cmake/vesc_msgs__rosidl_typesupport_cExport.cmake
[22.506s] -- Up-to-date: /home/sdc6/f1tenth_ws/install/vesc_msgs/share/vesc_msgs/cmake/vesc_msgs__rosidl_typesupport_cExport-noconfig.cmake
[22.506s] -- Up-to-date: /home/sdc6/f1tenth_ws/install/vesc_msgs/share/vesc_msgs/cmake/export_vesc_msgs__rosidl_generator_cppExport.cmake
[22.507s] -- Up-to-date: /home/sdc6/f1tenth_ws/install/vesc_msgs/share/vesc_msgs/cmake/export_vesc_msgs__rosidl_typesupport_fastrtps_cppExport.cmake
[22.508s] -- Up-to-date: /home/sdc6/f1tenth_ws/install/vesc_msgs/share/vesc_msgs/cmake/export_vesc_msgs__rosidl_typesupport_fastrtps_cppExport-noconfig.cmake
[22.510s] -- Up-to-date: /home/sdc6/f1tenth_ws/install/vesc_msgs/share/vesc_msgs/cmake/vesc_msgs__rosidl_typesupport_introspection_cppExport.cmake
[22.510s] -- Up-to-date: /home/sdc6/f1tenth_ws/install/vesc_msgs/share/vesc_msgs/cmake/vesc_msgs__rosidl_typesupport_introspection_cppExport-noconfig.cmake
[22.511s] -- Up-to-date: /home/sdc6/f1tenth_ws/install/vesc_msgs/share/vesc_msgs/cmake/vesc_msgs__rosidl_typesupport_cppExport.cmake
[22.512s] -- Up-to-date: /home/sdc6/f1tenth_ws/install/vesc_msgs/share/vesc_msgs/cmake/vesc_msgs__rosidl_typesupport_cppExport-noconfig.cmake
[22.513s] -- Up-to-date: /home/sdc6/f1tenth_ws/install/vesc_msgs/share/vesc_msgs/cmake/export_vesc_msgs__rosidl_generator_pyExport.cmake
[22.514s] -- Up-to-date: /home/sdc6/f1tenth_ws/install/vesc_msgs/share/vesc_msgs/cmake/export_vesc_msgs__rosidl_generator_pyExport-noconfig.cmake
[22.514s] -- Up-to-date: /home/sdc6/f1tenth_ws/install/vesc_msgs/share/vesc_msgs/cmake/rosidl_cmake-extras.cmake
[22.515s] -- Up-to-date: /home/sdc6/f1tenth_ws/install/vesc_msgs/share/vesc_msgs/cmake/ament_cmake_export_dependencies-extras.cmake
[22.516s] -- Up-to-date: /home/sdc6/f1tenth_ws/install/vesc_msgs/share/vesc_msgs/cmake/ament_cmake_export_include_directories-extras.cmake
[22.518s] -- Up-to-date: /home/sdc6/f1tenth_ws/install/vesc_msgs/share/vesc_msgs/cmake/ament_cmake_export_libraries-extras.cmake
[22.518s] -- Up-to-date: /home/sdc6/f1tenth_ws/install/vesc_msgs/share/vesc_msgs/cmake/ament_cmake_export_targets-extras.cmake
[22.519s] -- Up-to-date: /home/sdc6/f1tenth_ws/install/vesc_msgs/share/vesc_msgs/cmake/rosidl_cmake_export_typesupport_targets-extras.cmake
[22.520s] -- Up-to-date: /home/sdc6/f1tenth_ws/install/vesc_msgs/share/vesc_msgs/cmake/rosidl_cmake_export_typesupport_libraries-extras.cmake
[22.521s] -- Installing: /home/sdc6/f1tenth_ws/install/vesc_msgs/share/vesc_msgs/cmake/rosidl_cmake_aggregate_target-extras.cmake
[22.522s] -- Installing: /home/sdc6/f1tenth_ws/install/vesc_msgs/share/vesc_msgs/cmake/vesc_msgsConfig.cmake
[22.525s] -- Up-to-date: /home/sdc6/f1tenth_ws/install/vesc_msgs/share/vesc_msgs/cmake/vesc_msgsConfig-version.cmake
[22.525s] -- Up-to-date: /home/sdc6/f1tenth_ws/install/vesc_msgs/share/vesc_msgs/package.xml
[22.526s] Invoked command in '/home/sdc6/f1tenth_ws/build/vesc_msgs' returned '0': CMAKE_PREFIX_PATH=${CMAKE_PREFIX_PATH}:/home/sdc6/f1tenth_ws/install/f1tenth_stack:/home/sdc6/f1tenth_ws/install/joy_teleop:/home/sdc6/f1tenth_ws/install/mouse_teleop:/home/sdc6/f1tenth_ws/install/kinematic_mpc:/home/sdc6/f1tenth_ws/install/key_teleop:/opt/ros/humble PS1=(test_env) \[\e]0;\u@\h: \w\a\]${debian_chroot:+($debian_chroot)}\[\033[01;32m\]\u@\h\[\033[00m\]:\[\033[01;34m\]\w\[\033[00m\]\$ VIRTUAL_ENV_PROMPT=(test_env) /usr/bin/cmake --install /home/sdc6/f1tenth_ws/build/vesc_msgs
