[3.208s] Invoking command in '/home/sdc6/f1tenth_ws/src/f1tenth_system/teleop_tools/key_teleop': PS1=(test_env) \[\e]0;\u@\h: \w\a\]${debian_chroot:+($debian_chroot)}\[\033[01;32m\]\u@\h\[\033[00m\]:\[\033[01;34m\]\w\[\033[00m\]\$ PYTHONPATH=/home/sdc6/f1tenth_ws/build/key_teleop/prefix_override:/usr/lib/python3/dist-packages/colcon_core/task/python/colcon_distutils_commands:/home/sdc6/f1tenth_ws/install/key_teleop/lib/python3.10/site-packages:${PYTHONPATH} VIRTUAL_ENV_PROMPT=(test_env) /usr/bin/python3 -W ignore:setup.py install is deprecated -W ignore:easy_install command is deprecated setup.py egg_info --egg-base ../../../../build/key_teleop build --build-base /home/sdc6/f1tenth_ws/build/key_teleop/build install --record /home/sdc6/f1tenth_ws/build/key_teleop/install.log --install-scripts $base/lib/key_teleop --single-version-externally-managed install_data
[4.074s] running egg_info
[4.078s] writing ../../../../build/key_teleop/key_teleop.egg-info/PKG-INFO
[4.080s] writing dependency_links to ../../../../build/key_teleop/key_teleop.egg-info/dependency_links.txt
[4.081s] writing entry points to ../../../../build/key_teleop/key_teleop.egg-info/entry_points.txt
[4.082s] writing requirements to ../../../../build/key_teleop/key_teleop.egg-info/requires.txt
[4.083s] writing top-level names to ../../../../build/key_teleop/key_teleop.egg-info/top_level.txt
[4.089s] reading manifest file '../../../../build/key_teleop/key_teleop.egg-info/SOURCES.txt'
[4.090s] adding license file 'LICENSE'
[4.092s] writing manifest file '../../../../build/key_teleop/key_teleop.egg-info/SOURCES.txt'
[4.094s] running build
[4.094s] running build_py
[4.095s] running install
[4.096s] running install_lib
[4.102s] running install_data
[4.103s] running install_egg_info
[4.108s] removing '/home/sdc6/f1tenth_ws/install/key_teleop/lib/python3.10/site-packages/key_teleop-0.3.0-py3.10.egg-info' (and everything under it)
[4.114s] Copying ../../../../build/key_teleop/key_teleop.egg-info to /home/sdc6/f1tenth_ws/install/key_teleop/lib/python3.10/site-packages/key_teleop-0.3.0-py3.10.egg-info
[4.146s] running install_scripts
[4.190s] Installing key_teleop script to /home/sdc6/f1tenth_ws/install/key_teleop/lib/key_teleop
[4.191s] writing list of installed files to '/home/sdc6/f1tenth_ws/build/key_teleop/install.log'
[4.273s] Invoked command in '/home/sdc6/f1tenth_ws/src/f1tenth_system/teleop_tools/key_teleop' returned '0': PS1=(test_env) \[\e]0;\u@\h: \w\a\]${debian_chroot:+($debian_chroot)}\[\033[01;32m\]\u@\h\[\033[00m\]:\[\033[01;34m\]\w\[\033[00m\]\$ PYTHONPATH=/home/sdc6/f1tenth_ws/build/key_teleop/prefix_override:/usr/lib/python3/dist-packages/colcon_core/task/python/colcon_distutils_commands:/home/sdc6/f1tenth_ws/install/key_teleop/lib/python3.10/site-packages:${PYTHONPATH} VIRTUAL_ENV_PROMPT=(test_env) /usr/bin/python3 -W ignore:setup.py install is deprecated -W ignore:easy_install command is deprecated setup.py egg_info --egg-base ../../../../build/key_teleop build --build-base /home/sdc6/f1tenth_ws/build/key_teleop/build install --record /home/sdc6/f1tenth_ws/build/key_teleop/install.log --install-scripts $base/lib/key_teleop --single-version-externally-managed install_data
