Built target ament_cmake_python_copy_f1tenth_mppi_setup
Built target ament_cmake_python_copy_f1tenth_mppi
running egg_info
writing f1tenth_mppi.egg-info/PKG-INFO
writing dependency_links to f1tenth_mppi.egg-info/dependency_links.txt
writing top-level names to f1tenth_mppi.egg-info/top_level.txt
reading manifest file 'f1tenth_mppi.egg-info/SOURCES.txt'
writing manifest file 'f1tenth_mppi.egg-info/SOURCES.txt'
Built target ament_cmake_python_build_f1tenth_mppi_egg
-- Install configuration: ""
-- Up-to-date: /home/sdc6/f1tenth_ws/install/f1tenth_mppi/share/f1tenth_mppi/environment/pythonpath.sh
-- Up-to-date: /home/sdc6/f1tenth_ws/install/f1tenth_mppi/share/f1tenth_mppi/environment/pythonpath.dsv
-- Up-to-date: /home/sdc6/f1tenth_ws/install/f1tenth_mppi/lib/python3.10/site-packages/f1tenth_mppi-0.0.0-py3.10.egg-info
-- Installing: /home/sdc6/f1tenth_ws/install/f1tenth_mppi/lib/python3.10/site-packages/f1tenth_mppi-0.0.0-py3.10.egg-info/SOURCES.txt
-- Installing: /home/sdc6/f1tenth_ws/install/f1tenth_mppi/lib/python3.10/site-packages/f1tenth_mppi-0.0.0-py3.10.egg-info/dependency_links.txt
-- Installing: /home/sdc6/f1tenth_ws/install/f1tenth_mppi/lib/python3.10/site-packages/f1tenth_mppi-0.0.0-py3.10.egg-info/top_level.txt
-- Installing: /home/sdc6/f1tenth_ws/install/f1tenth_mppi/lib/python3.10/site-packages/f1tenth_mppi-0.0.0-py3.10.egg-info/PKG-INFO
-- Up-to-date: /home/sdc6/f1tenth_ws/install/f1tenth_mppi/lib/python3.10/site-packages/f1tenth_mppi
-- Up-to-date: /home/sdc6/f1tenth_ws/install/f1tenth_mppi/lib/python3.10/site-packages/f1tenth_mppi/__init__.py
Listing '/home/sdc6/f1tenth_ws/install/f1tenth_mppi/lib/python3.10/site-packages/f1tenth_mppi'...
-- Up-to-date: /home/sdc6/f1tenth_ws/install/f1tenth_mppi/lib/f1tenth_mppi/mppi.py
-- Installing: /home/sdc6/f1tenth_ws/install/f1tenth_mppi/lib/f1tenth_mppi/mppi_node.py
-- Up-to-date: /home/sdc6/f1tenth_ws/install/f1tenth_mppi/share/ament_index/resource_index/package_run_dependencies/f1tenth_mppi
-- Up-to-date: /home/sdc6/f1tenth_ws/install/f1tenth_mppi/share/ament_index/resource_index/parent_prefix_path/f1tenth_mppi
-- Up-to-date: /home/sdc6/f1tenth_ws/install/f1tenth_mppi/share/f1tenth_mppi/environment/ament_prefix_path.sh
-- Up-to-date: /home/sdc6/f1tenth_ws/install/f1tenth_mppi/share/f1tenth_mppi/environment/ament_prefix_path.dsv
-- Up-to-date: /home/sdc6/f1tenth_ws/install/f1tenth_mppi/share/f1tenth_mppi/environment/path.sh
-- Up-to-date: /home/sdc6/f1tenth_ws/install/f1tenth_mppi/share/f1tenth_mppi/environment/path.dsv
-- Up-to-date: /home/sdc6/f1tenth_ws/install/f1tenth_mppi/share/f1tenth_mppi/local_setup.bash
-- Up-to-date: /home/sdc6/f1tenth_ws/install/f1tenth_mppi/share/f1tenth_mppi/local_setup.sh
-- Up-to-date: /home/sdc6/f1tenth_ws/install/f1tenth_mppi/share/f1tenth_mppi/local_setup.zsh
-- Up-to-date: /home/sdc6/f1tenth_ws/install/f1tenth_mppi/share/f1tenth_mppi/local_setup.dsv
-- Installing: /home/sdc6/f1tenth_ws/install/f1tenth_mppi/share/f1tenth_mppi/package.dsv
-- Up-to-date: /home/sdc6/f1tenth_ws/install/f1tenth_mppi/share/ament_index/resource_index/packages/f1tenth_mppi
-- Up-to-date: /home/sdc6/f1tenth_ws/install/f1tenth_mppi/share/f1tenth_mppi/cmake/f1tenth_mppiConfig.cmake
-- Up-to-date: /home/sdc6/f1tenth_ws/install/f1tenth_mppi/share/f1tenth_mppi/cmake/f1tenth_mppiConfig-version.cmake
-- Up-to-date: /home/sdc6/f1tenth_ws/install/f1tenth_mppi/share/f1tenth_mppi/package.xml
