[0.709s] Invoking command in '/home/sdc6/f1tenth_ws/build/f1tenth_mppi': CMAKE_PREFIX_PATH=${CMAKE_PREFIX_PATH}:/home/sdc6/f1tenth_ws/install/f1tenth_stack:/home/sdc6/f1tenth_ws/install/joy_teleop:/home/sdc6/f1tenth_ws/install/mouse_teleop:/home/sdc6/f1tenth_ws/install/kinematic_mpc:/home/sdc6/f1tenth_ws/install/key_teleop:/opt/ros/humble PS1=(test_env) \[\e]0;\u@\h: \w\a\]${debian_chroot:+($debian_chroot)}\[\033[01;32m\]\u@\h\[\033[00m\]:\[\033[01;34m\]\w\[\033[00m\]\$ VIRTUAL_ENV_PROMPT=(test_env) /usr/bin/cmake --build /home/sdc6/f1tenth_ws/build/f1tenth_mppi -- -j6 -l6
[0.985s] Built target ament_cmake_python_copy_f1tenth_mppi_setup
[1.004s] Built target ament_cmake_python_copy_f1tenth_mppi
[1.690s] /home/sdc6/test/test_env/lib/python3.10/site-packages/setuptools/dist.py:723: UserWarning: Usage of dash-separated 'script-dir' will not be supported in future versions. Please use the underscore name 'script_dir' instead
[1.691s]   warnings.warn(
[1.778s] running egg_info
[1.780s] writing f1tenth_mppi.egg-info/PKG-INFO
[1.780s] writing dependency_links to f1tenth_mppi.egg-info/dependency_links.txt
[1.781s] writing top-level names to f1tenth_mppi.egg-info/top_level.txt
[1.787s] reading manifest file 'f1tenth_mppi.egg-info/SOURCES.txt'
[1.788s] writing manifest file 'f1tenth_mppi.egg-info/SOURCES.txt'
[1.968s] Built target ament_cmake_python_build_f1tenth_mppi_egg
[2.015s] Invoked command in '/home/sdc6/f1tenth_ws/build/f1tenth_mppi' returned '0': CMAKE_PREFIX_PATH=${CMAKE_PREFIX_PATH}:/home/sdc6/f1tenth_ws/install/f1tenth_stack:/home/sdc6/f1tenth_ws/install/joy_teleop:/home/sdc6/f1tenth_ws/install/mouse_teleop:/home/sdc6/f1tenth_ws/install/kinematic_mpc:/home/sdc6/f1tenth_ws/install/key_teleop:/opt/ros/humble PS1=(test_env) \[\e]0;\u@\h: \w\a\]${debian_chroot:+($debian_chroot)}\[\033[01;32m\]\u@\h\[\033[00m\]:\[\033[01;34m\]\w\[\033[00m\]\$ VIRTUAL_ENV_PROMPT=(test_env) /usr/bin/cmake --build /home/sdc6/f1tenth_ws/build/f1tenth_mppi -- -j6 -l6
[2.075s] Invoking command in '/home/sdc6/f1tenth_ws/build/f1tenth_mppi': CMAKE_PREFIX_PATH=${CMAKE_PREFIX_PATH}:/home/sdc6/f1tenth_ws/install/f1tenth_stack:/home/sdc6/f1tenth_ws/install/joy_teleop:/home/sdc6/f1tenth_ws/install/mouse_teleop:/home/sdc6/f1tenth_ws/install/kinematic_mpc:/home/sdc6/f1tenth_ws/install/key_teleop:/opt/ros/humble PS1=(test_env) \[\e]0;\u@\h: \w\a\]${debian_chroot:+($debian_chroot)}\[\033[01;32m\]\u@\h\[\033[00m\]:\[\033[01;34m\]\w\[\033[00m\]\$ VIRTUAL_ENV_PROMPT=(test_env) /usr/bin/cmake --install /home/sdc6/f1tenth_ws/build/f1tenth_mppi
[2.105s] -- Install configuration: ""
[2.106s] -- Up-to-date: /home/sdc6/f1tenth_ws/install/f1tenth_mppi/share/f1tenth_mppi/environment/pythonpath.sh
[2.106s] -- Up-to-date: /home/sdc6/f1tenth_ws/install/f1tenth_mppi/share/f1tenth_mppi/environment/pythonpath.dsv
[2.107s] -- Up-to-date: /home/sdc6/f1tenth_ws/install/f1tenth_mppi/lib/python3.10/site-packages/f1tenth_mppi-0.0.0-py3.10.egg-info
[2.107s] -- Installing: /home/sdc6/f1tenth_ws/install/f1tenth_mppi/lib/python3.10/site-packages/f1tenth_mppi-0.0.0-py3.10.egg-info/SOURCES.txt
[2.108s] -- Installing: /home/sdc6/f1tenth_ws/install/f1tenth_mppi/lib/python3.10/site-packages/f1tenth_mppi-0.0.0-py3.10.egg-info/dependency_links.txt
[2.109s] -- Installing: /home/sdc6/f1tenth_ws/install/f1tenth_mppi/lib/python3.10/site-packages/f1tenth_mppi-0.0.0-py3.10.egg-info/top_level.txt
[2.110s] -- Installing: /home/sdc6/f1tenth_ws/install/f1tenth_mppi/lib/python3.10/site-packages/f1tenth_mppi-0.0.0-py3.10.egg-info/PKG-INFO
[2.112s] -- Up-to-date: /home/sdc6/f1tenth_ws/install/f1tenth_mppi/lib/python3.10/site-packages/f1tenth_mppi
[2.112s] -- Up-to-date: /home/sdc6/f1tenth_ws/install/f1tenth_mppi/lib/python3.10/site-packages/f1tenth_mppi/__init__.py
[2.198s] Listing '/home/sdc6/f1tenth_ws/install/f1tenth_mppi/lib/python3.10/site-packages/f1tenth_mppi'...
[2.214s] -- Up-to-date: /home/sdc6/f1tenth_ws/install/f1tenth_mppi/lib/f1tenth_mppi/mppi.py
[2.214s] -- Installing: /home/sdc6/f1tenth_ws/install/f1tenth_mppi/lib/f1tenth_mppi/mppi_node.py
[2.215s] -- Up-to-date: /home/sdc6/f1tenth_ws/install/f1tenth_mppi/share/ament_index/resource_index/package_run_dependencies/f1tenth_mppi
[2.215s] -- Up-to-date: /home/sdc6/f1tenth_ws/install/f1tenth_mppi/share/ament_index/resource_index/parent_prefix_path/f1tenth_mppi
[2.215s] -- Up-to-date: /home/sdc6/f1tenth_ws/install/f1tenth_mppi/share/f1tenth_mppi/environment/ament_prefix_path.sh
[2.215s] -- Up-to-date: /home/sdc6/f1tenth_ws/install/f1tenth_mppi/share/f1tenth_mppi/environment/ament_prefix_path.dsv
[2.216s] -- Up-to-date: /home/sdc6/f1tenth_ws/install/f1tenth_mppi/share/f1tenth_mppi/environment/path.sh
[2.216s] -- Up-to-date: /home/sdc6/f1tenth_ws/install/f1tenth_mppi/share/f1tenth_mppi/environment/path.dsv
[2.216s] -- Up-to-date: /home/sdc6/f1tenth_ws/install/f1tenth_mppi/share/f1tenth_mppi/local_setup.bash
[2.216s] -- Up-to-date: /home/sdc6/f1tenth_ws/install/f1tenth_mppi/share/f1tenth_mppi/local_setup.sh
[2.216s] -- Up-to-date: /home/sdc6/f1tenth_ws/install/f1tenth_mppi/share/f1tenth_mppi/local_setup.zsh
[2.217s] -- Up-to-date: /home/sdc6/f1tenth_ws/install/f1tenth_mppi/share/f1tenth_mppi/local_setup.dsv
[2.217s] -- Installing: /home/sdc6/f1tenth_ws/install/f1tenth_mppi/share/f1tenth_mppi/package.dsv
[2.217s] -- Up-to-date: /home/sdc6/f1tenth_ws/install/f1tenth_mppi/share/ament_index/resource_index/packages/f1tenth_mppi
[2.217s] -- Up-to-date: /home/sdc6/f1tenth_ws/install/f1tenth_mppi/share/f1tenth_mppi/cmake/f1tenth_mppiConfig.cmake
[2.217s] -- Up-to-date: /home/sdc6/f1tenth_ws/install/f1tenth_mppi/share/f1tenth_mppi/cmake/f1tenth_mppiConfig-version.cmake
[2.217s] -- Up-to-date: /home/sdc6/f1tenth_ws/install/f1tenth_mppi/share/f1tenth_mppi/package.xml
[2.226s] Invoked command in '/home/sdc6/f1tenth_ws/build/f1tenth_mppi' returned '0': CMAKE_PREFIX_PATH=${CMAKE_PREFIX_PATH}:/home/sdc6/f1tenth_ws/install/f1tenth_stack:/home/sdc6/f1tenth_ws/install/joy_teleop:/home/sdc6/f1tenth_ws/install/mouse_teleop:/home/sdc6/f1tenth_ws/install/kinematic_mpc:/home/sdc6/f1tenth_ws/install/key_teleop:/opt/ros/humble PS1=(test_env) \[\e]0;\u@\h: \w\a\]${debian_chroot:+($debian_chroot)}\[\033[01;32m\]\u@\h\[\033[00m\]:\[\033[01;34m\]\w\[\033[00m\]\$ VIRTUAL_ENV_PROMPT=(test_env) /usr/bin/cmake --install /home/sdc6/f1tenth_ws/build/f1tenth_mppi
