[0.632s] Invoking command in '/home/sdc6/f1tenth_ws/build/f1tenth_mppi': CMAKE_PREFIX_PATH=${CMAKE_PREFIX_PATH}:/home/sdc6/f1tenth_ws/install/f1tenth_stack:/home/sdc6/f1tenth_ws/install/joy_teleop:/home/sdc6/f1tenth_ws/install/mouse_teleop:/home/sdc6/f1tenth_ws/install/kinematic_mpc:/home/sdc6/f1tenth_ws/install/key_teleop:/opt/ros/humble PS1=(test_env) \[\e]0;\u@\h: \w\a\]${debian_chroot:+($debian_chroot)}\[\033[01;32m\]\u@\h\[\033[00m\]:\[\033[01;34m\]\w\[\033[00m\]\$ VIRTUAL_ENV_PROMPT=(test_env) /usr/bin/cmake /home/sdc6/f1tenth_ws/src/f1tenth_mppi -DCMAKE_INSTALL_PREFIX=/home/sdc6/f1tenth_ws/install/f1tenth_mppi
[0.653s] -- Found ament_cmake: 1.3.14 (/opt/ros/humble/share/ament_cmake/cmake)
[0.908s] -- Found rclcpp: 16.0.19 (/opt/ros/humble/share/rclcpp/cmake)
[0.982s] -- Found rosidl_generator_c: 3.1.8 (/opt/ros/humble/share/rosidl_generator_c/cmake)
[0.987s] -- Found rosidl_adapter: 3.1.8 (/opt/ros/humble/share/rosidl_adapter/cmake)
[0.997s] -- Found rosidl_generator_cpp: 3.1.8 (/opt/ros/humble/share/rosidl_generator_cpp/cmake)
[1.013s] -- Using all available rosidl_typesupport_c: rosidl_typesupport_fastrtps_c;rosidl_typesupport_introspection_c
[1.033s] -- Using all available rosidl_typesupport_cpp: rosidl_typesupport_fastrtps_cpp;rosidl_typesupport_introspection_cpp
[1.088s] -- Found rmw_implementation_cmake: 6.1.2 (/opt/ros/humble/share/rmw_implementation_cmake/cmake)
[1.090s] -- Found rmw_fastrtps_cpp: 6.2.10 (/opt/ros/humble/share/rmw_fastrtps_cpp/cmake)
[1.322s] -- Using RMW implementation 'rmw_fastrtps_cpp' as default
[1.395s] -- Found rclpy: 3.3.21 (/opt/ros/humble/share/rclpy/cmake)
[1.396s] -- Found geometry_msgs: 4.9.1 (/opt/ros/humble/share/geometry_msgs/cmake)
[1.416s] -- Found nav_msgs: 4.9.1 (/opt/ros/humble/share/nav_msgs/cmake)
[1.443s] -- Found ackermann_msgs: 2.0.2 (/opt/ros/humble/share/ackermann_msgs/cmake)
[1.463s] -- Found sensor_msgs: 4.9.1 (/opt/ros/humble/share/sensor_msgs/cmake)
[1.491s] -- Found visualization_msgs: 4.9.1 (/opt/ros/humble/share/visualization_msgs/cmake)
[1.523s] -- Found tf2_ros: 0.25.20 (/opt/ros/humble/share/tf2_ros/cmake)
[1.866s] -- Found ament_lint_auto: 0.12.15 (/opt/ros/humble/share/ament_lint_auto/cmake)
[2.132s] -- Added test 'copyright' to check source files copyright and LICENSE
[2.142s] -- Added test 'flake8' to check Python code syntax and style conventions
[2.145s] -- Added test 'lint_cmake' to check CMake code style
[2.147s] -- Added test 'pep257' to check Python code against some of the docstring style conventions in PEP 257
[2.152s] -- Added test 'xmllint' to check XML markup files
[2.155s] -- Configuring done
[2.171s] -- Generating done
[2.177s] -- Build files have been written to: /home/sdc6/f1tenth_ws/build/f1tenth_mppi
[2.577s] Invoked command in '/home/sdc6/f1tenth_ws/build/f1tenth_mppi' returned '0': CMAKE_PREFIX_PATH=${CMAKE_PREFIX_PATH}:/home/sdc6/f1tenth_ws/install/f1tenth_stack:/home/sdc6/f1tenth_ws/install/joy_teleop:/home/sdc6/f1tenth_ws/install/mouse_teleop:/home/sdc6/f1tenth_ws/install/kinematic_mpc:/home/sdc6/f1tenth_ws/install/key_teleop:/opt/ros/humble PS1=(test_env) \[\e]0;\u@\h: \w\a\]${debian_chroot:+($debian_chroot)}\[\033[01;32m\]\u@\h\[\033[00m\]:\[\033[01;34m\]\w\[\033[00m\]\$ VIRTUAL_ENV_PROMPT=(test_env) /usr/bin/cmake /home/sdc6/f1tenth_ws/src/f1tenth_mppi -DCMAKE_INSTALL_PREFIX=/home/sdc6/f1tenth_ws/install/f1tenth_mppi
[2.579s] Invoking command in '/home/sdc6/f1tenth_ws/build/f1tenth_mppi': CMAKE_PREFIX_PATH=${CMAKE_PREFIX_PATH}:/home/sdc6/f1tenth_ws/install/f1tenth_stack:/home/sdc6/f1tenth_ws/install/joy_teleop:/home/sdc6/f1tenth_ws/install/mouse_teleop:/home/sdc6/f1tenth_ws/install/kinematic_mpc:/home/sdc6/f1tenth_ws/install/key_teleop:/opt/ros/humble PS1=(test_env) \[\e]0;\u@\h: \w\a\]${debian_chroot:+($debian_chroot)}\[\033[01;32m\]\u@\h\[\033[00m\]:\[\033[01;34m\]\w\[\033[00m\]\$ VIRTUAL_ENV_PROMPT=(test_env) /usr/bin/cmake --build /home/sdc6/f1tenth_ws/build/f1tenth_mppi -- -j6 -l6
[2.739s] Built target ament_cmake_python_copy_f1tenth_mppi_setup
[2.747s] Built target ament_cmake_python_copy_f1tenth_mppi
[3.157s] /home/sdc6/test/test_env/lib/python3.10/site-packages/setuptools/dist.py:723: UserWarning: Usage of dash-separated 'script-dir' will not be supported in future versions. Please use the underscore name 'script_dir' instead
[3.158s]   warnings.warn(
[3.204s] running egg_info
[3.205s] creating f1tenth_mppi.egg-info
[3.205s] writing f1tenth_mppi.egg-info/PKG-INFO
[3.205s] writing dependency_links to f1tenth_mppi.egg-info/dependency_links.txt
[3.206s] writing top-level names to f1tenth_mppi.egg-info/top_level.txt
[3.206s] writing manifest file 'f1tenth_mppi.egg-info/SOURCES.txt'
[3.210s] reading manifest file 'f1tenth_mppi.egg-info/SOURCES.txt'
[3.211s] writing manifest file 'f1tenth_mppi.egg-info/SOURCES.txt'
[3.285s] Built target ament_cmake_python_build_f1tenth_mppi_egg
[3.309s] Invoked command in '/home/sdc6/f1tenth_ws/build/f1tenth_mppi' returned '0': CMAKE_PREFIX_PATH=${CMAKE_PREFIX_PATH}:/home/sdc6/f1tenth_ws/install/f1tenth_stack:/home/sdc6/f1tenth_ws/install/joy_teleop:/home/sdc6/f1tenth_ws/install/mouse_teleop:/home/sdc6/f1tenth_ws/install/kinematic_mpc:/home/sdc6/f1tenth_ws/install/key_teleop:/opt/ros/humble PS1=(test_env) \[\e]0;\u@\h: \w\a\]${debian_chroot:+($debian_chroot)}\[\033[01;32m\]\u@\h\[\033[00m\]:\[\033[01;34m\]\w\[\033[00m\]\$ VIRTUAL_ENV_PROMPT=(test_env) /usr/bin/cmake --build /home/sdc6/f1tenth_ws/build/f1tenth_mppi -- -j6 -l6
[3.312s] Invoking command in '/home/sdc6/f1tenth_ws/build/f1tenth_mppi': CMAKE_PREFIX_PATH=${CMAKE_PREFIX_PATH}:/home/sdc6/f1tenth_ws/install/f1tenth_stack:/home/sdc6/f1tenth_ws/install/joy_teleop:/home/sdc6/f1tenth_ws/install/mouse_teleop:/home/sdc6/f1tenth_ws/install/kinematic_mpc:/home/sdc6/f1tenth_ws/install/key_teleop:/opt/ros/humble PS1=(test_env) \[\e]0;\u@\h: \w\a\]${debian_chroot:+($debian_chroot)}\[\033[01;32m\]\u@\h\[\033[00m\]:\[\033[01;34m\]\w\[\033[00m\]\$ VIRTUAL_ENV_PROMPT=(test_env) /usr/bin/cmake --install /home/sdc6/f1tenth_ws/build/f1tenth_mppi
[3.331s] -- Install configuration: ""
[3.331s] -- Installing: /home/sdc6/f1tenth_ws/install/f1tenth_mppi/share/f1tenth_mppi/environment/pythonpath.sh
[3.331s] -- Installing: /home/sdc6/f1tenth_ws/install/f1tenth_mppi/share/f1tenth_mppi/environment/pythonpath.dsv
[3.331s] -- Installing: /home/sdc6/f1tenth_ws/install/f1tenth_mppi/lib/python3.10/site-packages/f1tenth_mppi-0.0.0-py3.10.egg-info
[3.332s] -- Installing: /home/sdc6/f1tenth_ws/install/f1tenth_mppi/lib/python3.10/site-packages/f1tenth_mppi-0.0.0-py3.10.egg-info/SOURCES.txt
[3.332s] -- Installing: /home/sdc6/f1tenth_ws/install/f1tenth_mppi/lib/python3.10/site-packages/f1tenth_mppi-0.0.0-py3.10.egg-info/dependency_links.txt
[3.332s] -- Installing: /home/sdc6/f1tenth_ws/install/f1tenth_mppi/lib/python3.10/site-packages/f1tenth_mppi-0.0.0-py3.10.egg-info/top_level.txt
[3.332s] -- Installing: /home/sdc6/f1tenth_ws/install/f1tenth_mppi/lib/python3.10/site-packages/f1tenth_mppi-0.0.0-py3.10.egg-info/PKG-INFO
[3.333s] -- Installing: /home/sdc6/f1tenth_ws/install/f1tenth_mppi/lib/python3.10/site-packages/f1tenth_mppi
[3.333s] -- Installing: /home/sdc6/f1tenth_ws/install/f1tenth_mppi/lib/python3.10/site-packages/f1tenth_mppi/__init__.py
[3.402s] Listing '/home/sdc6/f1tenth_ws/install/f1tenth_mppi/lib/python3.10/site-packages/f1tenth_mppi'...
[3.402s] Compiling '/home/sdc6/f1tenth_ws/install/f1tenth_mppi/lib/python3.10/site-packages/f1tenth_mppi/__init__.py'...
[3.415s] -- Installing: /home/sdc6/f1tenth_ws/install/f1tenth_mppi/lib/f1tenth_mppi/mppi.py
[3.416s] -- Installing: /home/sdc6/f1tenth_ws/install/f1tenth_mppi/lib/f1tenth_mppi/mppi_node.py
[3.417s] -- Installing: /home/sdc6/f1tenth_ws/install/f1tenth_mppi/share/ament_index/resource_index/package_run_dependencies/f1tenth_mppi
[3.418s] -- Installing: /home/sdc6/f1tenth_ws/install/f1tenth_mppi/share/ament_index/resource_index/parent_prefix_path/f1tenth_mppi
[3.418s] -- Installing: /home/sdc6/f1tenth_ws/install/f1tenth_mppi/share/f1tenth_mppi/environment/ament_prefix_path.sh
[3.419s] -- Installing: /home/sdc6/f1tenth_ws/install/f1tenth_mppi/share/f1tenth_mppi/environment/ament_prefix_path.dsv
[3.419s] -- Installing: /home/sdc6/f1tenth_ws/install/f1tenth_mppi/share/f1tenth_mppi/environment/path.sh
[3.420s] -- Installing: /home/sdc6/f1tenth_ws/install/f1tenth_mppi/share/f1tenth_mppi/environment/path.dsv
[3.420s] -- Installing: /home/sdc6/f1tenth_ws/install/f1tenth_mppi/share/f1tenth_mppi/local_setup.bash
[3.420s] -- Installing: /home/sdc6/f1tenth_ws/install/f1tenth_mppi/share/f1tenth_mppi/local_setup.sh
[3.421s] -- Installing: /home/sdc6/f1tenth_ws/install/f1tenth_mppi/share/f1tenth_mppi/local_setup.zsh
[3.421s] -- Installing: /home/sdc6/f1tenth_ws/install/f1tenth_mppi/share/f1tenth_mppi/local_setup.dsv
[3.422s] -- Installing: /home/sdc6/f1tenth_ws/install/f1tenth_mppi/share/f1tenth_mppi/package.dsv
[3.422s] -- Installing: /home/sdc6/f1tenth_ws/install/f1tenth_mppi/share/ament_index/resource_index/packages/f1tenth_mppi
[3.423s] -- Installing: /home/sdc6/f1tenth_ws/install/f1tenth_mppi/share/f1tenth_mppi/cmake/f1tenth_mppiConfig.cmake
[3.423s] -- Installing: /home/sdc6/f1tenth_ws/install/f1tenth_mppi/share/f1tenth_mppi/cmake/f1tenth_mppiConfig-version.cmake
[3.423s] -- Installing: /home/sdc6/f1tenth_ws/install/f1tenth_mppi/share/f1tenth_mppi/package.xml
[3.428s] Invoked command in '/home/sdc6/f1tenth_ws/build/f1tenth_mppi' returned '0': CMAKE_PREFIX_PATH=${CMAKE_PREFIX_PATH}:/home/sdc6/f1tenth_ws/install/f1tenth_stack:/home/sdc6/f1tenth_ws/install/joy_teleop:/home/sdc6/f1tenth_ws/install/mouse_teleop:/home/sdc6/f1tenth_ws/install/kinematic_mpc:/home/sdc6/f1tenth_ws/install/key_teleop:/opt/ros/humble PS1=(test_env) \[\e]0;\u@\h: \w\a\]${debian_chroot:+($debian_chroot)}\[\033[01;32m\]\u@\h\[\033[00m\]:\[\033[01;34m\]\w\[\033[00m\]\$ VIRTUAL_ENV_PROMPT=(test_env) /usr/bin/cmake --install /home/sdc6/f1tenth_ws/build/f1tenth_mppi
